Archive member included to satisfy reference by file (symbol)

/Users/samerabdulkarim/STM32CubeIDE/workspace_1.16.0/space-invaders/Core/Lib/libarm_cortexM4lf_math.a(arm_sub_f32.o)
                              ./Core/Src/kalman.o (arm_sub_f32)
/Users/samerabdulkarim/STM32CubeIDE/workspace_1.16.0/space-invaders/Core/Lib/libarm_cortexM4lf_math.a(arm_mult_f32.o)
                              ./Core/Src/kalman.o (arm_mult_f32)
/Users/samerabdulkarim/STM32CubeIDE/workspace_1.16.0/space-invaders/Core/Lib/libarm_cortexM4lf_math.a(arm_add_f32.o)
                              ./Core/Src/kalman.o (arm_add_f32)
/Applications/STM32CubeIDE.app/Contents/Eclipse/plugins/com.st.stm32cube.ide.mcu.externaltools.gnu-tools-for-stm32.12.3.rel1.macos64_1.1.0.202410301201/tools/bin/../lib/gcc/arm-none-eabi/12.3.1/../../../../arm-none-eabi/lib/thumb/v7e-m+fp/hard/libc_nano.a(libc_a-exit.o)
                              /Applications/STM32CubeIDE.app/Contents/Eclipse/plugins/com.st.stm32cube.ide.mcu.externaltools.gnu-tools-for-stm32.12.3.rel1.macos64_1.1.0.202410301201/tools/bin/../lib/gcc/arm-none-eabi/12.3.1/../../../../arm-none-eabi/lib/thumb/v7e-m+fp/hard/crt0.o (exit)
/Applications/STM32CubeIDE.app/Contents/Eclipse/plugins/com.st.stm32cube.ide.mcu.externaltools.gnu-tools-for-stm32.12.3.rel1.macos64_1.1.0.202410301201/tools/bin/../lib/gcc/arm-none-eabi/12.3.1/../../../../arm-none-eabi/lib/thumb/v7e-m+fp/hard/libc_nano.a(libc_a-malloc.o)
                              ./Core/Src/main.o (malloc)
/Applications/STM32CubeIDE.app/Contents/Eclipse/plugins/com.st.stm32cube.ide.mcu.externaltools.gnu-tools-for-stm32.12.3.rel1.macos64_1.1.0.202410301201/tools/bin/../lib/gcc/arm-none-eabi/12.3.1/../../../../arm-none-eabi/lib/thumb/v7e-m+fp/hard/libc_nano.a(libc_a-mallocr.o)
                              /Applications/STM32CubeIDE.app/Contents/Eclipse/plugins/com.st.stm32cube.ide.mcu.externaltools.gnu-tools-for-stm32.12.3.rel1.macos64_1.1.0.202410301201/tools/bin/../lib/gcc/arm-none-eabi/12.3.1/../../../../arm-none-eabi/lib/thumb/v7e-m+fp/hard/libc_nano.a(libc_a-malloc.o) (_malloc_r)
/Applications/STM32CubeIDE.app/Contents/Eclipse/plugins/com.st.stm32cube.ide.mcu.externaltools.gnu-tools-for-stm32.12.3.rel1.macos64_1.1.0.202410301201/tools/bin/../lib/gcc/arm-none-eabi/12.3.1/../../../../arm-none-eabi/lib/thumb/v7e-m+fp/hard/libc_nano.a(libc_a-mlock.o)
                              /Applications/STM32CubeIDE.app/Contents/Eclipse/plugins/com.st.stm32cube.ide.mcu.externaltools.gnu-tools-for-stm32.12.3.rel1.macos64_1.1.0.202410301201/tools/bin/../lib/gcc/arm-none-eabi/12.3.1/../../../../arm-none-eabi/lib/thumb/v7e-m+fp/hard/libc_nano.a(libc_a-mallocr.o) (__malloc_lock)
/Applications/STM32CubeIDE.app/Contents/Eclipse/plugins/com.st.stm32cube.ide.mcu.externaltools.gnu-tools-for-stm32.12.3.rel1.macos64_1.1.0.202410301201/tools/bin/../lib/gcc/arm-none-eabi/12.3.1/../../../../arm-none-eabi/lib/thumb/v7e-m+fp/hard/libc_nano.a(libc_a-findfp.o)
                              /Applications/STM32CubeIDE.app/Contents/Eclipse/plugins/com.st.stm32cube.ide.mcu.externaltools.gnu-tools-for-stm32.12.3.rel1.macos64_1.1.0.202410301201/tools/bin/../lib/gcc/arm-none-eabi/12.3.1/../../../../arm-none-eabi/lib/thumb/v7e-m+fp/hard/libc_nano.a(libc_a-exit.o) (__stdio_exit_handler)
/Applications/STM32CubeIDE.app/Contents/Eclipse/plugins/com.st.stm32cube.ide.mcu.externaltools.gnu-tools-for-stm32.12.3.rel1.macos64_1.1.0.202410301201/tools/bin/../lib/gcc/arm-none-eabi/12.3.1/../../../../arm-none-eabi/lib/thumb/v7e-m+fp/hard/libc_nano.a(libc_a-fwalk.o)
                              /Applications/STM32CubeIDE.app/Contents/Eclipse/plugins/com.st.stm32cube.ide.mcu.externaltools.gnu-tools-for-stm32.12.3.rel1.macos64_1.1.0.202410301201/tools/bin/../lib/gcc/arm-none-eabi/12.3.1/../../../../arm-none-eabi/lib/thumb/v7e-m+fp/hard/libc_nano.a(libc_a-findfp.o) (_fwalk_sglue)
/Applications/STM32CubeIDE.app/Contents/Eclipse/plugins/com.st.stm32cube.ide.mcu.externaltools.gnu-tools-for-stm32.12.3.rel1.macos64_1.1.0.202410301201/tools/bin/../lib/gcc/arm-none-eabi/12.3.1/../../../../arm-none-eabi/lib/thumb/v7e-m+fp/hard/libc_nano.a(libc_a-vsnprintf.o)
                              ./Core/Src/util.o (vsnprintf)
/Applications/STM32CubeIDE.app/Contents/Eclipse/plugins/com.st.stm32cube.ide.mcu.externaltools.gnu-tools-for-stm32.12.3.rel1.macos64_1.1.0.202410301201/tools/bin/../lib/gcc/arm-none-eabi/12.3.1/../../../../arm-none-eabi/lib/thumb/v7e-m+fp/hard/libc_nano.a(libc_a-printf.o)
                              ./Core/Src/main.o (printf)
/Applications/STM32CubeIDE.app/Contents/Eclipse/plugins/com.st.stm32cube.ide.mcu.externaltools.gnu-tools-for-stm32.12.3.rel1.macos64_1.1.0.202410301201/tools/bin/../lib/gcc/arm-none-eabi/12.3.1/../../../../arm-none-eabi/lib/thumb/v7e-m+fp/hard/libc_nano.a(libc_a-strcat.o)
                              ./Core/Src/main.o (strcat)
[...]
Memory Configuration

Name             Origin             Length             Attributes
RAM              0x20000000         0x000a0000         xrw
RAM2             0x10000000         0x00010000         xrw
RAM3             0x20040000         0x00060000         xrw
FLASH            0x08000000         0x00200000         xr
*default*        0x00000000         0xffffffff

Linker script and memory map

LOAD /Applications/STM32CubeIDE.app/Contents/Eclipse/plugins/com.st.stm32cube.ide.mcu.externaltools.gnu-tools-for-stm32.12.3.rel1.macos64_1.1.0.202410301201/tools/bin/../lib/gcc/arm-none-eabi/12.3.1/thumb/v7e-m+fp/hard/crti.o
LOAD /Applications/STM32CubeIDE.app/Contents/Eclipse/plugins/com.st.stm32cube.ide.mcu.externaltools.gnu-tools-for-stm32.12.3.rel1.macos64_1.1.0.202410301201/tools/bin/../lib/gcc/arm-none-eabi/12.3.1/thumb/v7e-m+fp/hard/crtbegin.o
LOAD /Applications/STM32CubeIDE.app/Contents/Eclipse/plugins/com.st.stm32cube.ide.mcu.externaltools.gnu-tools-for-stm32.12.3.rel1.macos64_1.1.0.202410301201/tools/bin/../lib/gcc/arm-none-eabi/12.3.1/../../../../arm-none-eabi/lib/thumb/v7e-m+fp/hard/crt0.o
LOAD ./Core/Src/freertos.o
LOAD ./Core/Src/kalman.o
LOAD ./Core/Src/main.o
LOAD ./Core/Src/stm32l4s5i_iot01.o
LOAD ./Core/Src/stm32l4s5i_iot01_accelero.o
LOAD ./Core/Src/stm32l4s5i_iot01_gyro.o
LOAD ./Core/Src/stm32l4s5i_iot01_hsensor.o
LOAD ./Core/Src/stm32l4s5i_iot01_magneto.o
LOAD ./Core/Src/stm32l4s5i_iot01_psensor.o
LOAD ./Core/Src/stm32l4s5i_iot01_tsensor.o
LOAD ./Core/Src/stm32l4xx_hal_msp.o
LOAD ./Core/Src/stm32l4xx_it.o
LOAD ./Core/Src/syscalls.o
LOAD ./Core/Src/sysmem.o
LOAD ./Core/Src/system_stm32l4xx.o
LOAD ./Core/Src/ui.o
LOAD ./Core/Src/util.o
LOAD ./Core/Startup/startup_stm32l4s5vitx.o
LOAD ./Drivers/Components/cs42l51/cs42l51.o
LOAD ./Drivers/Components/cs43l22/cs43l22.o
LOAD ./Drivers/Components/cy8c4014lqi/cy8c4014lqi.o
LOAD ./Drivers/Components/ft3x67/ft3x67.o
LOAD ./Drivers/Components/ft5336/ft5336.o
LOAD ./Drivers/Components/ft6x06/ft6x06.o
LOAD ./Drivers/Components/hts221/hts221.o
LOAD ./Drivers/Components/hx8347g/hx8347g.o
LOAD ./Drivers/Components/hx8347i/hx8347i.o
LOAD ./Drivers/Components/l3gd20/l3gd20.o
LOAD ./Drivers/Components/lis3mdl/lis3mdl.o
LOAD ./Drivers/Components/lps22hb/lps22hb.o
LOAD ./Drivers/Components/ls016b8uy/ls016b8uy.o
LOAD ./Drivers/Components/lsm303c/lsm303c.o
LOAD ./Drivers/Components/lsm303dlhc/lsm303dlhc.o
LOAD ./Drivers/Components/lsm6dsl/lsm6dsl.o
LOAD ./Drivers/Components/m24sr/m24sr.o
LOAD ./Drivers/Components/mfxstm32l152/mfxstm32l152.o
LOAD ./Drivers/Components/ov9655/ov9655.o
LOAD ./Drivers/Components/st25dv/st25dv.o
LOAD ./Drivers/Components/st25dv/st25dv_reg.o
LOAD ./Drivers/Components/st7735/st7735.o
LOAD ./Drivers/Components/st7789h2/st7789h2.o
LOAD ./Drivers/Components/stmpe1600/stmpe1600.o
LOAD ./Drivers/Components/stmpe811/stmpe811.o
LOAD ./Drivers/Components/wm8994/wm8994.o
LOAD ./Drivers/STM32L4xx_HAL_Driver/Src/stm32l4xx_hal.o
LOAD ./Drivers/STM32L4xx_HAL_Driver/Src/stm32l4xx_hal_adc.o
LOAD ./Drivers/STM32L4xx_HAL_Driver/Src/stm32l4xx_hal_adc_ex.o
LOAD ./Drivers/STM32L4xx_HAL_Driver/Src/stm32l4xx_hal_cortex.o
LOAD ./Drivers/STM32L4xx_HAL_Driver/Src/stm32l4xx_hal_dac.o
LOAD ./Drivers/STM32L4xx_HAL_Driver/Src/stm32l4xx_hal_dac_ex.o
LOAD ./Drivers/STM32L4xx_HAL_Driver/Src/stm32l4xx_hal_dma.o
LOAD ./Drivers/STM32L4xx_HAL_Driver/Src/stm32l4xx_hal_dma_ex.o
LOAD ./Drivers/STM32L4xx_HAL_Driver/Src/stm32l4xx_hal_exti.o
LOAD ./Drivers/STM32L4xx_HAL_Driver/Src/stm32l4xx_hal_flash.o
LOAD ./Drivers/STM32L4xx_HAL_Driver/Src/stm32l4xx_hal_flash_ex.o
LOAD ./Drivers/STM32L4xx_HAL_Driver/Src/stm32l4xx_hal_flash_ramfunc.o
LOAD ./Drivers/STM32L4xx_HAL_Driver/Src/stm32l4xx_hal_gpio.o
LOAD ./Drivers/STM32L4xx_HAL_Driver/Src/stm32l4xx_hal_i2c.o
LOAD ./Drivers/STM32L4xx_HAL_Driver/Src/stm32l4xx_hal_i2c_ex.o
LOAD ./Drivers/STM32L4xx_HAL_Driver/Src/stm32l4xx_hal_pwr.o
LOAD ./Drivers/STM32L4xx_HAL_Driver/Src/stm32l4xx_hal_pwr_ex.o
LOAD ./Drivers/STM32L4xx_HAL_Driver/Src/stm32l4xx_hal_rcc.o
LOAD ./Drivers/STM32L4xx_HAL_Driver/Src/stm32l4xx_hal_rcc_ex.o
LOAD ./Drivers/STM32L4xx_HAL_Driver/Src/stm32l4xx_hal_tim.o
LOAD ./Drivers/STM32L4xx_HAL_Driver/Src/stm32l4xx_hal_tim_ex.o
LOAD ./Drivers/STM32L4xx_HAL_Driver/Src/stm32l4xx_hal_uart.o
LOAD ./Drivers/STM32L4xx_HAL_Driver/Src/stm32l4xx_hal_uart_ex.o
LOAD ./Middlewares/Third_Party/FreeRTOS/Source/CMSIS_RTOS/cmsis_os.o
LOAD ./Middlewares/Third_Party/FreeRTOS/Source/croutine.o
LOAD ./Middlewares/Third_Party/FreeRTOS/Source/event_groups.o
LOAD ./Middlewares/Third_Party/FreeRTOS/Source/list.o
LOAD ./Middlewares/Third_Party/FreeRTOS/Source/queue.o
LOAD ./Middlewares/Third_Party/FreeRTOS/Source/stream_buffer.o
LOAD ./Middlewares/Third_Party/FreeRTOS/Source/tasks.o
LOAD ./Middlewares/Third_Party/FreeRTOS/Source/timers.o
LOAD ./Middlewares/Third_Party/FreeRTOS/Source/portable/GCC/ARM_CM4F/port.o
LOAD ./Middlewares/Third_Party/FreeRTOS/Source/portable/MemMang/heap_4.o
LOAD /Users/samerabdulkarim/STM32CubeIDE/workspace_1.16.0/space-invaders/Core/Lib/libarm_cortexM4lf_math.a
START GROUP
LOAD /Applications/STM32CubeIDE.app/Contents/Eclipse/plugins/com.st.stm32cube.ide.mcu.externaltools.gnu-tools-for-stm32.12.3.rel1.macos64_1.1.0.202410301201/tools/bin/../lib/gcc/arm-none-eabi/12.3.1/../../../../arm-none-eabi/lib/thumb/v7e-m+fp/hard/libc_nano.a
LOAD /Applications/STM32CubeIDE.app/Contents/Eclipse/plugins/com.st.stm32cube.ide.mcu.externaltools.gnu-tools-for-stm32.12.3.rel1.macos64_1.1.0.202410301201/tools/bin/../lib/gcc/arm-none-eabi/12.3.1/../../../../arm-none-eabi/lib/thumb/v7e-m+fp/hard/libm.a
END GROUP
START GROUP
LOAD /Applications/STM32CubeIDE.app/Contents/Eclipse/plugins/com.st.stm32cube.ide.mcu.externaltools.gnu-tools-for-stm32.12.3.rel1.macos64_1.1.0.202410301201/tools/bin/../lib/gcc/arm-none-eabi/12.3.1/thumb/v7e-m+fp/hard/libgcc.a
LOAD /Applications/STM32CubeIDE.app/Contents/Eclipse/plugins/com.st.stm32cube.ide.mcu.externaltools.gnu-tools-for-stm32.12.3.rel1.macos64_1.1.0.202410301201/tools/bin/../lib/gcc/arm-none-eabi/12.3.1/../../../../arm-none-eabi/lib/thumb/v7e-m+fp/hard/libc_nano.a
END GROUP
START GROUP
LOAD /Applications/STM32CubeIDE.app/Contents/Eclipse/plugins/com.st.stm32cube.ide.mcu.externaltools.gnu-tools-for-stm32.12.3.rel1.macos64_1.1.0.202410301201/tools/bin/../lib/gcc/arm-none-eabi/12.3.1/thumb/v7e-m+fp/hard/libgcc.a
LOAD /Applications/STM32CubeIDE.app/Contents/Eclipse/plugins/com.st.stm32cube.ide.mcu.externaltools.gnu-tools-for-stm32.12.3.rel1.macos64_1.1.0.202410301201/tools/bin/../lib/gcc/arm-none-eabi/12.3.1/../../../../arm-none-eabi/lib/thumb/v7e-m+fp/hard/libc_nano.a
LOAD /Applications/STM32CubeIDE.app/Contents/Eclipse/plugins/com.st.stm32cube.ide.mcu.externaltools.gnu-tools-for-stm32.12.3.rel1.macos64_1.1.0.202410301201/tools/bin/../lib/gcc/arm-none-eabi/12.3.1/../../../../arm-none-eabi/lib/thumb/v7e-m+fp/hard/libnosys.a
END GROUP
START GROUP
LOAD /Applications/STM32CubeIDE.app/Contents/Eclipse/plugins/com.st.stm32cube.ide.mcu.externaltools.gnu-tools-for-stm32.12.3.rel1.macos64_1.1.0.202410301201/tools/bin/../lib/gcc/arm-none-eabi/12.3.1/thumb/v7e-m+fp/hard/libgcc.a
LOAD /Applications/STM32CubeIDE.app/Contents/Eclipse/plugins/com.st.stm32cube.ide.mcu.externaltools.gnu-tools-for-stm32.12.3.rel1.macos64_1.1.0.202410301201/tools/bin/../lib/gcc/arm-none-eabi/12.3.1/../../../../arm-none-eabi/lib/thumb/v7e-m+fp/hard/libc_nano.a
LOAD /Applications/STM32CubeIDE.app/Contents/Eclipse/plugins/com.st.stm32cube.ide.mcu.externaltools.gnu-tools-for-stm32.12.3.rel1.macos64_1.1.0.202410301201/tools/bin/../lib/gcc/arm-none-eabi/12.3.1/../../../../arm-none-eabi/lib/thumb/v7e-m+fp/hard/libnosys.a
END GROUP
LOAD /Applications/STM32CubeIDE.app/Contents/Eclipse/plugins/com.st.stm32cube.ide.mcu.externaltools.gnu-tools-for-stm32.12.3.rel1.macos64_1.1.0.202410301201/tools/bin/../lib/gcc/arm-none-eabi/12.3.1/thumb/v7e-m+fp/hard/crtend.o
LOAD /Applications/STM32CubeIDE.app/Contents/Eclipse/plugins/com.st.stm32cube.ide.mcu.externaltools.gnu-tools-for-stm32.12.3.rel1.macos64_1.1.0.202410301201/tools/bin/../lib/gcc/arm-none-eabi/12.3.1/thumb/v7e-m+fp/hard/crtn.o
                0x200a0000                        _estack = (ORIGIN (RAM) + LENGTH (RAM))
                0x00000200                        _Min_Heap_Size = 0x200
                0x00000400                        _Min_Stack_Size = 0x400

.isr_vector     0x08000000      0x1bc
                0x08000000                        . = ALIGN (0x4)
 *(.isr_vector)
 .isr_vector    0x08000000      0x1bc ./Core/Startup/startup_stm32l4s5vitx.o
                0x08000000                g_pfnVectors
                0x080001bc                        . = ALIGN (0x4)

.text           0x080001c0     0xc07c
                0x080001c0                        . = ALIGN (0x4)
 *(.text)
 .text          0x080001c0       0x40 /Applications/STM32CubeIDE.app/Contents/Eclipse/plugins/com.st.stm32cube.ide.mcu.externaltools.gnu-tools-for-stm32.12.3.rel1.macos64_1.1.0.202410301201/tools/bin/../lib/gcc/arm-none-eabi/12.3.1/thumb/v7e-m+fp/hard/crtbegin.o
 .text          0x08000200       0x10 /Applications/STM32CubeIDE.app/Contents/Eclipse/plugins/com.st.stm32cube.ide.mcu.externaltools.gnu-tools-for-stm32.12.3.rel1.macos64_1.1.0.202410301201/tools/bin/../lib/gcc/arm-none-eabi/12.3.1/../../../../arm-none-eabi/lib/thumb/v7e-m+fp/hard/libc_nano.a(libc_a-strlen.o)
                0x08000200                strlen
 .text          0x08000210       0xa0 /Applications/STM32CubeIDE.app/Contents/Eclipse/plugins/com.st.stm32cube.ide.mcu.externaltools.gnu-tools-for-stm32.12.3.rel1.macos64_1.1.0.202410301201/tools/bin/../lib/gcc/arm-none-eabi/12.3.1/../../../../arm-none-eabi/lib/thumb/v7e-m+fp/hard/libc_nano.a(libc_a-memchr.o)
                0x08000210                memchr
 .text          0x080002b0      0x378 /Applications/STM32CubeIDE.app/Contents/Eclipse/plugins/com.st.stm32cube.ide.mcu.externaltools.gnu-tools-for-stm32.12.3.rel1.macos64_1.1.0.202410301201/tools/bin/../lib/gcc/arm-none-eabi/12.3.1/thumb/v7e-m+fp/hard/libgcc.a(_arm_addsubdf3.o)
                0x080002b0                __aeabi_drsub
                0x080002b8                __subdf3
                0x080002b8                __aeabi_dsub
                0x080002bc                __aeabi_dadd
                0x080002bc                __adddf3
                0x08000534                __aeabi_ui2d
                0x08000534                __floatunsidf
                0x08000554                __floatsidf
                0x08000554                __aeabi_i2d
                0x08000578                __extendsfdf2
                0x08000578                __aeabi_f2d
                0x080005bc                __aeabi_ul2d
                0x080005bc                __floatundidf
                0x080005cc                __aeabi_l2d
                0x080005cc                __floatdidf
 .text          0x08000628      0x424 /Applications/STM32CubeIDE.app/Contents/Eclipse/plugins/com.st.stm32cube.ide.mcu.externaltools.gnu-tools-for-stm32.12.3.rel1.macos64_1.1.0.202410301201/tools/bin/../lib/gcc/arm-none-eabi/12.3.1/thumb/v7e-m+fp/hard/libgcc.a(_arm_muldivdf3.o)
                0x08000628                __aeabi_dmul
                0x08000628                __muldf3
                0x0800087c                __aeabi_ddiv
                0x0800087c                __divdf3
 .text          0x08000a4c      0x110 /Applications/STM32CubeIDE.app/Contents/Eclipse/plugins/com.st.stm32cube.ide.mcu.externaltools.gnu-tools-for-stm32.12.3.rel1.macos64_1.1.0.202410301201/tools/bin/../lib/gcc/arm-none-eabi/12.3.1/thumb/v7e-m+fp/hard/libgcc.a(_arm_cmpdf2.o)
                0x08000a4c                __gedf2
                0x08000a4c                __gtdf2
                0x08000a54                __ledf2
                0x08000a54                __ltdf2
                0x08000a5c                __cmpdf2
                0x08000a5c                __eqdf2
                0x08000a5c                __nedf2
                0x08000ad8                __aeabi_cdrcmple
                0x08000ae8                __aeabi_cdcmple
                0x08000ae8                __aeabi_cdcmpeq
                0x08000af8                __aeabi_dcmpeq
                0x08000b0c                __aeabi_dcmplt
                0x08000b20                __aeabi_dcmple
                0x08000b34                __aeabi_dcmpge
                0x08000b48                __aeabi_dcmpgt
 .text          0x08000b5c       0x2c /Applications/STM32CubeIDE.app/Contents/Eclipse/plugins/com.st.stm32cube.ide.mcu.externaltools.gnu-tools-for-stm32.12.3.rel1.macos64_1.1.0.202410301201/tools/bin/../lib/gcc/arm-none-eabi/12.3.1/thumb/v7e-m+fp/hard/libgcc.a(_arm_unorddf2.o)
                0x08000b5c                __aeabi_dcmpun
                0x08000b5c                __unorddf2
 .text          0x08000b88       0xa0 /Applications/STM32CubeIDE.app/Contents/Eclipse/plugins/com.st.stm32cube.ide.mcu.externaltools.gnu-tools-for-stm32.12.3.rel1.macos64_1.1.0.202410301201/tools/bin/../lib/gcc/arm-none-eabi/12.3.1/thumb/v7e-m+fp/hard/libgcc.a(_arm_truncdfsf2.o)
                0x08000b88                __aeabi_d2f
                0x08000b88                __truncdfsf2
 .text          0x08000c28       0x30 /Applications/STM32CubeIDE.app/Contents/Eclipse/plugins/com.st.stm32cube.ide.mcu.externaltools.gnu-tools-for-stm32.12.3.rel1.macos64_1.1.0.202410301201/tools/bin/../lib/gcc/arm-none-eabi/12.3.1/thumb/v7e-m+fp/hard/libgcc.a(_aeabi_uldivmod.o)
                0x08000c28                __aeabi_uldivmod
 .text          0x08000c58      0x2bc /Applications/STM32CubeIDE.app/Contents/Eclipse/plugins/com.st.stm32cube.ide.mcu.externaltools.gnu-tools-for-stm32.12.3.rel1.macos64_1.1.0.202410301201/tools/bin/../lib/gcc/arm-none-eabi/12.3.1/thumb/v7e-m+fp/hard/libgcc.a(_udivmoddi4.o)
                0x08000c58                __udivmoddi4
 .text          0x08000f14        0x4 /Applications/STM32CubeIDE.app/Contents/Eclipse/plugins/com.st.stm32cube.ide.mcu.externaltools.gnu-tools-for-stm32.12.3.rel1.macos64_1.1.0.202410301201/tools/bin/../lib/gcc/arm-none-eabi/12.3.1/thumb/v7e-m+fp/hard/libgcc.a(_dvmd_tls.o)
                0x08000f14                __aeabi_ldiv0
                0x08000f14                __aeabi_idiv0
 *(.text*)
 .text.vApplicationGetIdleTaskMemory
                0x08000f18       0x34 ./Core/Src/freertos.o
                0x08000f18                vApplicationGetIdleTaskMemory
 .text.kalman_filter_CMSIS
                0x08000f4c       0xbe ./Core/Src/kalman.o
                0x08000f4c                kalman_filter_CMSIS
 *fill*         0x0800100a        0x2 
 .text.main     0x0800100c      0x248 ./Core/Src/main.o
                0x0800100c                main
 .text.SystemClock_Config
                0x08001254       0xa2 ./Core/Src/main.o
                0x08001254                SystemClock_Config
 *fill*         0x080012f6        0x2 
 .text.MX_ADC1_Init
                0x080012f8       0xc8 ./Core/Src/main.o
 .text.MX_DAC1_Init
                0x080013c0       0x84 ./Core/Src/main.o
 .text.MX_I2C2_Init
                0x08001444       0x80 ./Core/Src/main.o
 .text.MX_TIM2_Init
                0x080014c4       0x9c ./Core/Src/main.o
 .text.MX_USART1_UART_Init
                0x08001560       0x98 ./Core/Src/main.o
 .text.MX_DMA_Init
                0x080015f8       0x54 ./Core/Src/main.o
 .text.MX_GPIO_Init
                0x0800164c       0xc8 ./Core/Src/main.o
 .text.HAL_GPIO_EXTI_Callback
                0x08001714       0x50 ./Core/Src/main.o
                0x08001714                HAL_GPIO_EXTI_Callback
 .text.StartDefaultTask
                0x08001764      0x290 ./Core/Src/main.o
                0x08001764                StartDefaultTask
 .text.StartProcessData
                0x080019f4       0xd0 ./Core/Src/main.o
                0x080019f4                StartProcessData
 .text.StartSoundTask
                0x08001ac4       0x48 ./Core/Src/main.o
                0x08001ac4                StartSoundTask
 .text.Error_Handler
                0x08001b0c        0xc ./Core/Src/main.o
                0x08001b0c                Error_Handler
 .text.I2Cx_MspInit
                0x08001b18       0xb0 ./Core/Src/stm32l4s5i_iot01.o
 .text.I2Cx_Init
                0x08001bc8       0x5c ./Core/Src/stm32l4s5i_iot01.o
 .text.I2Cx_ReadMultiple
                0x08001c24       0x5a ./Core/Src/stm32l4s5i_iot01.o
 .text.I2Cx_WriteMultiple
                0x08001c7e       0x5a ./Core/Src/stm32l4s5i_iot01.o
 .text.I2Cx_Error
                0x08001cd8       0x20 ./Core/Src/stm32l4s5i_iot01.o
 .text.SENSOR_IO_Init
                0x08001cf8       0x14 ./Core/Src/stm32l4s5i_iot01.o
                0x08001cf8                SENSOR_IO_Init
 .text.SENSOR_IO_Write
                0x08001d0c       0x34 ./Core/Src/stm32l4s5i_iot01.o
                0x08001d0c                SENSOR_IO_Write
 .text.SENSOR_IO_Read
                0x08001d40       0x3c ./Core/Src/stm32l4s5i_iot01.o
                0x08001d40                SENSOR_IO_Read
 .text.SENSOR_IO_ReadMultiple
                0x08001d7c       0x3c ./Core/Src/stm32l4s5i_iot01.o
                0x08001d7c                SENSOR_IO_ReadMultiple
 .text.BSP_ACCELERO_Init
                0x08001db8       0x7c ./Core/Src/stm32l4s5i_iot01_accelero.o
                0x08001db8                BSP_ACCELERO_Init
 .text.BSP_ACCELERO_AccGetXYZ
                0x08001e34       0x30 ./Core/Src/stm32l4s5i_iot01_accelero.o
                0x08001e34                BSP_ACCELERO_AccGetXYZ
 .text.BSP_PSENSOR_Init
                0x08001e64       0x40 ./Core/Src/stm32l4s5i_iot01_psensor.o
                0x08001e64                BSP_PSENSOR_Init
 .text.BSP_PSENSOR_ReadPressure
                0x08001ea4       0x1c ./Core/Src/stm32l4s5i_iot01_psensor.o
                0x08001ea4                BSP_PSENSOR_ReadPressure
 .text.HAL_MspInit
                0x08001ec0       0x50 ./Core/Src/stm32l4xx_hal_msp.o
                0x08001ec0                HAL_MspInit
 .text.HAL_ADC_MspInit
                0x08001f10       0xd0 ./Core/Src/stm32l4xx_hal_msp.o
                0x08001f10                HAL_ADC_MspInit
 .text.HAL_DAC_MspInit
                0x08001fe0       0xec ./Core/Src/stm32l4xx_hal_msp.o
                0x08001fe0                HAL_DAC_MspInit
 .text.HAL_I2C_MspInit
                0x080020cc       0xbc ./Core/Src/stm32l4xx_hal_msp.o
                0x080020cc                HAL_I2C_MspInit
 .text.HAL_I2C_MspDeInit
                0x08002188       0x48 ./Core/Src/stm32l4xx_hal_msp.o
                0x08002188                HAL_I2C_MspDeInit
 .text.HAL_TIM_Base_MspInit
                0x080021d0       0x48 ./Core/Src/stm32l4xx_hal_msp.o
                0x080021d0                HAL_TIM_Base_MspInit
 .text.HAL_UART_MspInit
                0x08002218       0xbc ./Core/Src/stm32l4xx_hal_msp.o
                0x08002218                HAL_UART_MspInit
 .text.NMI_Handler
                0x080022d4        0x8 ./Core/Src/stm32l4xx_it.o
                0x080022d4                NMI_Handler
 .text.HardFault_Handler
                0x080022dc        0x8 ./Core/Src/stm32l4xx_it.o
                0x080022dc                HardFault_Handler
 .text.MemManage_Handler
                0x080022e4        0x8 ./Core/Src/stm32l4xx_it.o
                0x080022e4                MemManage_Handler
 .text.BusFault_Handler
                0x080022ec        0x8 ./Core/Src/stm32l4xx_it.o
                0x080022ec                BusFault_Handler
 .text.UsageFault_Handler
                0x080022f4        0x8 ./Core/Src/stm32l4xx_it.o
                0x080022f4                UsageFault_Handler
 .text.DebugMon_Handler
                0x080022fc        0xe ./Core/Src/stm32l4xx_it.o
                0x080022fc                DebugMon_Handler
 .text.SysTick_Handler
                0x0800230a       0x1a ./Core/Src/stm32l4xx_it.o
                0x0800230a                SysTick_Handler
 .text.DMA1_Channel1_IRQHandler
                0x08002324       0x14 ./Core/Src/stm32l4xx_it.o
                0x08002324                DMA1_Channel1_IRQHandler
 .text.TIM2_IRQHandler
                0x08002338       0x14 ./Core/Src/stm32l4xx_it.o
                0x08002338                TIM2_IRQHandler
 .text.EXTI15_10_IRQHandler
                0x0800234c       0x10 ./Core/Src/stm32l4xx_it.o
                0x0800234c                EXTI15_10_IRQHandler
 .text.TIM6_DAC_IRQHandler
                0x0800235c       0x14 ./Core/Src/stm32l4xx_it.o
                0x0800235c                TIM6_DAC_IRQHandler
 .text._sbrk    0x08002370       0x6c ./Core/Src/sysmem.o
                0x08002370                _sbrk
 .text.SystemInit
                0x080023dc       0x24 ./Core/Src/system_stm32l4xx.o
                0x080023dc                SystemInit
 .text.idx_to_pos
                0x08002400       0x24 ./Core/Src/ui.o
                0x08002400                idx_to_pos
 .text.print_main_menu
                0x08002424      0x134 ./Core/Src/ui.o
                0x08002424                print_main_menu
 .text.print_game_over
                0x08002558       0x44 ./Core/Src/ui.o
                0x08002558                print_game_over
 .text.print_win
                0x0800259c       0x44 ./Core/Src/ui.o
                0x0800259c                print_win
 .text.compute_new_UI_frame
                0x080025e0      0x138 ./Core/Src/ui.o
                0x080025e0                compute_new_UI_frame
 .text.start_wave
                0x08002718       0xc0 ./Core/Src/ui.o
                0x08002718                start_wave
 .text.update_canvas
                0x080027d8       0xb0 ./Core/Src/ui.o
                0x080027d8                update_canvas
 .text.draw_aliens
                0x08002888      0x2f4 ./Core/Src/ui.o
                0x08002888                draw_aliens
 .text.handle_collision
                0x08002b7c       0x6c ./Core/Src/ui.o
                0x08002b7c                handle_collision
 .text.reset_canvas
                0x08002be8       0x24 ./Core/Src/ui.o
                0x08002be8                reset_canvas
 .text.shoot    0x08002c0c       0x64 ./Core/Src/ui.o
                0x08002c0c                shoot
 .text.calculate_pitch
                0x08002c70       0xbc ./Core/Src/util.o
                0x08002c70                calculate_pitch
 .text.tilt_detection
                0x08002d2c       0x82 ./Core/Src/util.o
                0x08002d2c                tilt_detection
 *fill*         0x08002dae        0x2 
 .text.printOne
                0x08002db0       0x4c ./Core/Src/util.o
                0x08002db0                printOne
 .text.Reset_Handler
                0x08002dfc       0x50 ./Core/Startup/startup_stm32l4s5vitx.o
                0x08002dfc                Reset_Handler
 .text.Default_Handler
                0x08002e4c        0x2 ./Core/Startup/startup_stm32l4s5vitx.o
                0x08002e4c                TIM1_BRK_TIM15_IRQHandler
                0x08002e4c                EXTI2_IRQHandler
                0x08002e4c                TIM8_TRG_COM_IRQHandler
                0x08002e4c                TIM8_CC_IRQHandler
                0x08002e4c                TIM1_CC_IRQHandler
                0x08002e4c                TSC_IRQHandler
                0x08002e4c                TAMP_STAMP_IRQHandler
                0x08002e4c                EXTI3_IRQHandler
                0x08002e4c                LPTIM2_IRQHandler
                0x08002e4c                DFSDM1_FLT1_IRQHandler
                0x08002e4c                GFXMMU_IRQHandler
                0x08002e4c                I2C3_ER_IRQHandler
                0x08002e4c                DFSDM1_FLT2_IRQHandler
                0x08002e4c                EXTI0_IRQHandler
                0x08002e4c                I2C2_EV_IRQHandler
                0x08002e4c                CAN1_RX0_IRQHandler
                0x08002e4c                FPU_IRQHandler
                0x08002e4c                TIM1_UP_TIM16_IRQHandler
                0x08002e4c                LTDC_ER_IRQHandler
                0x08002e4c                SPI1_IRQHandler
                0x08002e4c                OCTOSPI1_IRQHandler
                0x08002e4c                DCMI_IRQHandler
                0x08002e4c                TIM8_UP_IRQHandler
                0x08002e4c                OCTOSPI2_IRQHandler
                0x08002e4c                DMA2_Channel2_IRQHandler
                0x08002e4c                DMA1_Channel4_IRQHandler
                0x08002e4c                SAI2_IRQHandler
                0x08002e4c                ADC1_IRQHandler
                0x08002e4c                DFSDM1_FLT3_IRQHandler
                0x08002e4c                USART3_IRQHandler
                0x08002e4c                DMA1_Channel7_IRQHandler
                0x08002e4c                CAN1_RX1_IRQHandler
                0x08002e4c                UART5_IRQHandler
                0x08002e4c                TIM4_IRQHandler
                0x08002e4c                DMA2_Channel1_IRQHandler
                0x08002e4c                I2C1_EV_IRQHandler
                0x08002e4c                DMAMUX1_OVR_IRQHandler
                0x08002e4c                DMA1_Channel6_IRQHandler
                0x08002e4c                UART4_IRQHandler
                0x08002e4c                DMA2_Channel4_IRQHandler
                0x08002e4c                TIM3_IRQHandler
                0x08002e4c                RCC_IRQHandler
                0x08002e4c                Default_Handler
                0x08002e4c                DMA2_Channel7_IRQHandler
                0x08002e4c                TIM7_IRQHandler
                0x08002e4c                SDMMC1_IRQHandler
                0x08002e4c                TIM5_IRQHandler
                0x08002e4c                I2C3_EV_IRQHandler
                0x08002e4c                EXTI9_5_IRQHandler
                0x08002e4c                RTC_WKUP_IRQHandler
                0x08002e4c                LTDC_IRQHandler
                0x08002e4c                PVD_PVM_IRQHandler
                0x08002e4c                SPI2_IRQHandler
                0x08002e4c                CAN1_TX_IRQHandler
                0x08002e4c                DMA2_Channel5_IRQHandler
                0x08002e4c                DMA1_Channel5_IRQHandler
                0x08002e4c                EXTI4_IRQHandler
                0x08002e4c                RNG_IRQHandler
                0x08002e4c                TIM1_TRG_COM_TIM17_IRQHandler
                0x08002e4c                DMA1_Channel3_IRQHandler
                0x08002e4c                COMP_IRQHandler
                0x08002e4c                HASH_CRS_IRQHandler
                0x08002e4c                WWDG_IRQHandler
                0x08002e4c                I2C4_EV_IRQHandler
                0x08002e4c                LPUART1_IRQHandler
                0x08002e4c                DMA2_Channel6_IRQHandler
                0x08002e4c                DMA2D_IRQHandler
                0x08002e4c                EXTI1_IRQHandler
                0x08002e4c                AES_IRQHandler
                0x08002e4c                USART2_IRQHandler
                0x08002e4c                DFSDM1_FLT0_IRQHandler
                0x08002e4c                I2C2_ER_IRQHandler
                0x08002e4c                DMA1_Channel2_IRQHandler
                0x08002e4c                TIM8_BRK_IRQHandler
                0x08002e4c                CAN1_SCE_IRQHandler
                0x08002e4c                FLASH_IRQHandler
                0x08002e4c                USART1_IRQHandler
                0x08002e4c                OTG_FS_IRQHandler
                0x08002e4c                SPI3_IRQHandler
                0x08002e4c                I2C1_ER_IRQHandler
                0x08002e4c                FMC_IRQHandler
                0x08002e4c                LPTIM1_IRQHandler
                0x08002e4c                I2C4_ER_IRQHandler
                0x08002e4c                SAI1_IRQHandler
                0x08002e4c                DMA2_Channel3_IRQHandler
                0x08002e4c                RTC_Alarm_IRQHandler
 .text.LPS22HB_P_Init
                0x08002e4e       0x1a ./Drivers/Components/lps22hb/lps22hb.o
                0x08002e4e                LPS22HB_P_Init
 .text.LPS22HB_P_ReadID
                0x08002e68       0x2c ./Drivers/Components/lps22hb/lps22hb.o
                0x08002e68                LPS22HB_P_ReadID
 .text.LPS22HB_P_ReadPressure
                0x08002e94       0xbc ./Drivers/Components/lps22hb/lps22hb.o
                0x08002e94                LPS22HB_P_ReadPressure
 .text.LPS22HB_Init
                0x08002f50       0x7e ./Drivers/Components/lps22hb/lps22hb.o
 .text.LSM6DSL_AccInit
                0x08002fce       0x72 ./Drivers/Components/lsm6dsl/lsm6dsl.o
                0x08002fce                LSM6DSL_AccInit
 .text.LSM6DSL_AccDeInit
                0x08003040       0x32 ./Drivers/Components/lsm6dsl/lsm6dsl.o
                0x08003040                LSM6DSL_AccDeInit
 .text.LSM6DSL_AccReadID
                0x08003072       0x16 ./Drivers/Components/lsm6dsl/lsm6dsl.o
                0x08003072                LSM6DSL_AccReadID
 .text.LSM6DSL_AccLowPower
                0x08003088       0x44 ./Drivers/Components/lsm6dsl/lsm6dsl.o
                0x08003088                LSM6DSL_AccLowPower
 .text.LSM6DSL_AccReadXYZ
                0x080030cc      0x12c ./Drivers/Components/lsm6dsl/lsm6dsl.o
                0x080030cc                LSM6DSL_AccReadXYZ
 .text.HAL_Init
                0x080031f8       0x30 ./Drivers/STM32L4xx_HAL_Driver/Src/stm32l4xx_hal.o
                0x080031f8                HAL_Init
 .text.HAL_InitTick
                0x08003228       0x78 ./Drivers/STM32L4xx_HAL_Driver/Src/stm32l4xx_hal.o
                0x08003228                HAL_InitTick
 .text.HAL_IncTick
                0x080032a0       0x28 ./Drivers/STM32L4xx_HAL_Driver/Src/stm32l4xx_hal.o
                0x080032a0                HAL_IncTick
 .text.HAL_GetTick
                0x080032c8       0x18 ./Drivers/STM32L4xx_HAL_Driver/Src/stm32l4xx_hal.o
                0x080032c8                HAL_GetTick
 .text.HAL_Delay
                0x080032e0       0x48 ./Drivers/STM32L4xx_HAL_Driver/Src/stm32l4xx_hal.o
                0x080032e0                HAL_Delay
 .text.LL_ADC_SetCommonClock
                0x08003328       0x26 ./Drivers/STM32L4xx_HAL_Driver/Src/stm32l4xx_hal_adc.o
 .text.LL_ADC_SetCommonPathInternalCh
                0x0800334e       0x26 ./Drivers/STM32L4xx_HAL_Driver/Src/stm32l4xx_hal_adc.o
 .text.LL_ADC_GetCommonPathInternalCh
                0x08003374       0x1c ./Drivers/STM32L4xx_HAL_Driver/Src/stm32l4xx_hal_adc.o
 .text.LL_ADC_SetOffset
                0x08003390       0x48 ./Drivers/STM32L4xx_HAL_Driver/Src/stm32l4xx_hal_adc.o
 .text.LL_ADC_GetOffsetChannel
                0x080033d8       0x2c ./Drivers/STM32L4xx_HAL_Driver/Src/stm32l4xx_hal_adc.o
 .text.LL_ADC_SetOffsetState
                0x08003404       0x36 ./Drivers/STM32L4xx_HAL_Driver/Src/stm32l4xx_hal_adc.o
 .text.LL_ADC_SetSamplingTimeCommonConfig
                0x0800343a       0x26 ./Drivers/STM32L4xx_HAL_Driver/Src/stm32l4xx_hal_adc.o
 .text.LL_ADC_REG_IsTriggerSourceSWStart
                0x08003460       0x26 ./Drivers/STM32L4xx_HAL_Driver/Src/stm32l4xx_hal_adc.o
 .text.LL_ADC_REG_SetSequencerRanks
                0x08003486       0x58 ./Drivers/STM32L4xx_HAL_Driver/Src/stm32l4xx_hal_adc.o
 .text.LL_ADC_SetChannelSamplingTime
                0x080034de       0x56 ./Drivers/STM32L4xx_HAL_Driver/Src/stm32l4xx_hal_adc.o
 .text.LL_ADC_SetChannelSingleDiff
                0x08003534       0x48 ./Drivers/STM32L4xx_HAL_Driver/Src/stm32l4xx_hal_adc.o
 .text.LL_ADC_DisableDeepPowerDown
                0x0800357c       0x24 ./Drivers/STM32L4xx_HAL_Driver/Src/stm32l4xx_hal_adc.o
 .text.LL_ADC_IsDeepPowerDownEnabled
                0x080035a0       0x28 ./Drivers/STM32L4xx_HAL_Driver/Src/stm32l4xx_hal_adc.o
 .text.LL_ADC_EnableInternalRegulator
                0x080035c8       0x28 ./Drivers/STM32L4xx_HAL_Driver/Src/stm32l4xx_hal_adc.o
 .text.LL_ADC_IsInternalRegulatorEnabled
                0x080035f0       0x28 ./Drivers/STM32L4xx_HAL_Driver/Src/stm32l4xx_hal_adc.o
 .text.LL_ADC_Enable
                0x08003618       0x28 ./Drivers/STM32L4xx_HAL_Driver/Src/stm32l4xx_hal_adc.o
 .text.LL_ADC_Disable
                0x08003640       0x28 ./Drivers/STM32L4xx_HAL_Driver/Src/stm32l4xx_hal_adc.o
 .text.LL_ADC_IsEnabled
                0x08003668       0x26 ./Drivers/STM32L4xx_HAL_Driver/Src/stm32l4xx_hal_adc.o
 .text.LL_ADC_IsDisableOngoing
                0x0800368e       0x26 ./Drivers/STM32L4xx_HAL_Driver/Src/stm32l4xx_hal_adc.o
 .text.LL_ADC_REG_StartConversion
                0x080036b4       0x28 ./Drivers/STM32L4xx_HAL_Driver/Src/stm32l4xx_hal_adc.o
 .text.LL_ADC_REG_StopConversion
                0x080036dc       0x28 ./Drivers/STM32L4xx_HAL_Driver/Src/stm32l4xx_hal_adc.o
 .text.LL_ADC_REG_IsConversionOngoing
                0x08003704       0x26 ./Drivers/STM32L4xx_HAL_Driver/Src/stm32l4xx_hal_adc.o
 .text.LL_ADC_INJ_StopConversion
                0x0800372a       0x28 ./Drivers/STM32L4xx_HAL_Driver/Src/stm32l4xx_hal_adc.o
 .text.LL_ADC_INJ_IsConversionOngoing
                0x08003752       0x26 ./Drivers/STM32L4xx_HAL_Driver/Src/stm32l4xx_hal_adc.o
 .text.HAL_ADC_Init
                0x08003778      0x28c ./Drivers/STM32L4xx_HAL_Driver/Src/stm32l4xx_hal_adc.o
                0x08003778                HAL_ADC_Init
 .text.HAL_ADC_Start
                0x08003a04       0xc6 ./Drivers/STM32L4xx_HAL_Driver/Src/stm32l4xx_hal_adc.o
                0x08003a04                HAL_ADC_Start
 .text.HAL_ADC_Stop
                0x08003aca       0x66 ./Drivers/STM32L4xx_HAL_Driver/Src/stm32l4xx_hal_adc.o
                0x08003aca                HAL_ADC_Stop
 .text.HAL_ADC_PollForConversion
                0x08003b30      0x11e ./Drivers/STM32L4xx_HAL_Driver/Src/stm32l4xx_hal_adc.o
                0x08003b30                HAL_ADC_PollForConversion
 .text.HAL_ADC_GetValue
                0x08003c4e       0x1a ./Drivers/STM32L4xx_HAL_Driver/Src/stm32l4xx_hal_adc.o
                0x08003c4e                HAL_ADC_GetValue
 .text.HAL_ADC_ConfigChannel
                0x08003c68      0x7f8 ./Drivers/STM32L4xx_HAL_Driver/Src/stm32l4xx_hal_adc.o
                0x08003c68                HAL_ADC_ConfigChannel
 .text.ADC_ConversionStop
                0x08004460      0x178 ./Drivers/STM32L4xx_HAL_Driver/Src/stm32l4xx_hal_adc.o
                0x08004460                ADC_ConversionStop
 .text.ADC_Enable
                0x080045d8      0x10c ./Drivers/STM32L4xx_HAL_Driver/Src/stm32l4xx_hal_adc.o
                0x080045d8                ADC_Enable
 .text.ADC_Disable
                0x080046e4       0xbe ./Drivers/STM32L4xx_HAL_Driver/Src/stm32l4xx_hal_adc.o
                0x080046e4                ADC_Disable
 .text.LL_ADC_StartCalibration
                0x080047a2       0x32 ./Drivers/STM32L4xx_HAL_Driver/Src/stm32l4xx_hal_adc_ex.o
 .text.LL_ADC_IsCalibrationOnGoing
                0x080047d4       0x28 ./Drivers/STM32L4xx_HAL_Driver/Src/stm32l4xx_hal_adc_ex.o
 .text.HAL_ADCEx_Calibration_Start
                0x080047fc       0xc0 ./Drivers/STM32L4xx_HAL_Driver/Src/stm32l4xx_hal_adc_ex.o
                0x080047fc                HAL_ADCEx_Calibration_Start
 .text.__NVIC_SetPriorityGrouping
                0x080048bc       0x48 ./Drivers/STM32L4xx_HAL_Driver/Src/stm32l4xx_hal_cortex.o
 .text.__NVIC_GetPriorityGrouping
                0x08004904       0x1c ./Drivers/STM32L4xx_HAL_Driver/Src/stm32l4xx_hal_cortex.o
 .text.__NVIC_EnableIRQ
                0x08004920       0x3c ./Drivers/STM32L4xx_HAL_Driver/Src/stm32l4xx_hal_cortex.o
 .text.__NVIC_SetPriority
                0x0800495c       0x54 ./Drivers/STM32L4xx_HAL_Driver/Src/stm32l4xx_hal_cortex.o
 .text.NVIC_EncodePriority
                0x080049b0       0x66 ./Drivers/STM32L4xx_HAL_Driver/Src/stm32l4xx_hal_cortex.o
 *fill*         0x08004a16        0x2 
 .text.SysTick_Config
                0x08004a18       0x44 ./Drivers/STM32L4xx_HAL_Driver/Src/stm32l4xx_hal_cortex.o
 .text.HAL_NVIC_SetPriorityGrouping
                0x08004a5c       0x16 ./Drivers/STM32L4xx_HAL_Driver/Src/stm32l4xx_hal_cortex.o
                0x08004a5c                HAL_NVIC_SetPriorityGrouping
 .text.HAL_NVIC_SetPriority
                0x08004a72       0x38 ./Drivers/STM32L4xx_HAL_Driver/Src/stm32l4xx_hal_cortex.o
                0x08004a72                HAL_NVIC_SetPriority
 .text.HAL_NVIC_EnableIRQ
                0x08004aaa       0x1c ./Drivers/STM32L4xx_HAL_Driver/Src/stm32l4xx_hal_cortex.o
                0x08004aaa                HAL_NVIC_EnableIRQ
 .text.HAL_SYSTICK_Config
                0x08004ac6       0x18 ./Drivers/STM32L4xx_HAL_Driver/Src/stm32l4xx_hal_cortex.o
                0x08004ac6                HAL_SYSTICK_Config
 .text.HAL_DAC_Init
                0x08004ade       0x44 ./Drivers/STM32L4xx_HAL_Driver/Src/stm32l4xx_hal_dac.o
                0x08004ade                HAL_DAC_Init
 *fill*         0x08004b22        0x2 
 .text.HAL_DAC_Start_DMA
                0x08004b24      0x198 ./Drivers/STM32L4xx_HAL_Driver/Src/stm32l4xx_hal_dac.o
                0x08004b24                HAL_DAC_Start_DMA
 .text.HAL_DAC_Stop_DMA
                0x08004cbc       0x8a ./Drivers/STM32L4xx_HAL_Driver/Src/stm32l4xx_hal_dac.o
                0x08004cbc                HAL_DAC_Stop_DMA
 .text.HAL_DAC_IRQHandler
                0x08004d46       0xb4 ./Drivers/STM32L4xx_HAL_Driver/Src/stm32l4xx_hal_dac.o
                0x08004d46                HAL_DAC_IRQHandler
 .text.HAL_DAC_ConvCpltCallbackCh1
                0x08004dfa       0x14 ./Drivers/STM32L4xx_HAL_Driver/Src/stm32l4xx_hal_dac.o
                0x08004dfa                HAL_DAC_ConvCpltCallbackCh1
 .text.HAL_DAC_ConvHalfCpltCallbackCh1
                0x08004e0e       0x14 ./Drivers/STM32L4xx_HAL_Driver/Src/stm32l4xx_hal_dac.o
                0x08004e0e                HAL_DAC_ConvHalfCpltCallbackCh1
 .text.HAL_DAC_ErrorCallbackCh1
                0x08004e22       0x14 ./Drivers/STM32L4xx_HAL_Driver/Src/stm32l4xx_hal_dac.o
                0x08004e22                HAL_DAC_ErrorCallbackCh1
 .text.HAL_DAC_DMAUnderrunCallbackCh1
                0x08004e36       0x14 ./Drivers/STM32L4xx_HAL_Driver/Src/stm32l4xx_hal_dac.o
                0x08004e36                HAL_DAC_DMAUnderrunCallbackCh1
 *fill*         0x08004e4a        0x2 
 .text.HAL_DAC_ConfigChannel
                0x08004e4c      0x298 ./Drivers/STM32L4xx_HAL_Driver/Src/stm32l4xx_hal_dac.o
                0x08004e4c                HAL_DAC_ConfigChannel
 .text.DAC_DMAConvCpltCh1
                0x080050e4       0x22 ./Drivers/STM32L4xx_HAL_Driver/Src/stm32l4xx_hal_dac.o
                0x080050e4                DAC_DMAConvCpltCh1
 .text.DAC_DMAHalfConvCpltCh1
                0x08005106       0x1c ./Drivers/STM32L4xx_HAL_Driver/Src/stm32l4xx_hal_dac.o
                0x08005106                DAC_DMAHalfConvCpltCh1
 .text.DAC_DMAErrorCh1
                0x08005122       0x2e ./Drivers/STM32L4xx_HAL_Driver/Src/stm32l4xx_hal_dac.o
                0x08005122                DAC_DMAErrorCh1
 .text.HAL_DACEx_ConvCpltCallbackCh2
                0x08005150       0x14 ./Drivers/STM32L4xx_HAL_Driver/Src/stm32l4xx_hal_dac_ex.o
                0x08005150                HAL_DACEx_ConvCpltCallbackCh2
 .text.HAL_DACEx_ConvHalfCpltCallbackCh2
                0x08005164       0x14 ./Drivers/STM32L4xx_HAL_Driver/Src/stm32l4xx_hal_dac_ex.o
                0x08005164                HAL_DACEx_ConvHalfCpltCallbackCh2
 .text.HAL_DACEx_ErrorCallbackCh2
                0x08005178       0x14 ./Drivers/STM32L4xx_HAL_Driver/Src/stm32l4xx_hal_dac_ex.o
                0x08005178                HAL_DACEx_ErrorCallbackCh2
 .text.HAL_DACEx_DMAUnderrunCallbackCh2
                0x0800518c       0x14 ./Drivers/STM32L4xx_HAL_Driver/Src/stm32l4xx_hal_dac_ex.o
                0x0800518c                HAL_DACEx_DMAUnderrunCallbackCh2
 .text.DAC_DMAConvCpltCh2
                0x080051a0       0x22 ./Drivers/STM32L4xx_HAL_Driver/Src/stm32l4xx_hal_dac_ex.o
                0x080051a0                DAC_DMAConvCpltCh2
 .text.DAC_DMAHalfConvCpltCh2
                0x080051c2       0x1c ./Drivers/STM32L4xx_HAL_Driver/Src/stm32l4xx_hal_dac_ex.o
                0x080051c2                DAC_DMAHalfConvCpltCh2
 .text.DAC_DMAErrorCh2
                0x080051de       0x2e ./Drivers/STM32L4xx_HAL_Driver/Src/stm32l4xx_hal_dac_ex.o
                0x080051de                DAC_DMAErrorCh2
 .text.HAL_DMA_Init
                0x0800520c      0x150 ./Drivers/STM32L4xx_HAL_Driver/Src/stm32l4xx_hal_dma.o
                0x0800520c                HAL_DMA_Init
 .text.HAL_DMA_Start_IT
                0x0800535c       0xf6 ./Drivers/STM32L4xx_HAL_Driver/Src/stm32l4xx_hal_dma.o
                0x0800535c                HAL_DMA_Start_IT
 .text.HAL_DMA_Abort
                0x08005452       0xb8 ./Drivers/STM32L4xx_HAL_Driver/Src/stm32l4xx_hal_dma.o
                0x08005452                HAL_DMA_Abort
 .text.HAL_DMA_IRQHandler
                0x0800550a      0x15e ./Drivers/STM32L4xx_HAL_Driver/Src/stm32l4xx_hal_dma.o
                0x0800550a                HAL_DMA_IRQHandler
 .text.DMA_SetConfig
                0x08005668       0x7c ./Drivers/STM32L4xx_HAL_Driver/Src/stm32l4xx_hal_dma.o
 .text.DMA_CalcDMAMUXChannelBaseAndMask
                0x080056e4       0x7c ./Drivers/STM32L4xx_HAL_Driver/Src/stm32l4xx_hal_dma.o
 .text.DMA_CalcDMAMUXRequestGenBaseAndMask
                0x08005760       0x48 ./Drivers/STM32L4xx_HAL_Driver/Src/stm32l4xx_hal_dma.o
 .text.HAL_GPIO_Init
                0x080057a8      0x324 ./Drivers/STM32L4xx_HAL_Driver/Src/stm32l4xx_hal_gpio.o
                0x080057a8                HAL_GPIO_Init
 .text.HAL_GPIO_DeInit
                0x08005acc      0x1e4 ./Drivers/STM32L4xx_HAL_Driver/Src/stm32l4xx_hal_gpio.o
                0x08005acc                HAL_GPIO_DeInit
 .text.HAL_GPIO_WritePin
                0x08005cb0       0x30 ./Drivers/STM32L4xx_HAL_Driver/Src/stm32l4xx_hal_gpio.o
                0x08005cb0                HAL_GPIO_WritePin
 .text.HAL_GPIO_EXTI_IRQHandler
                0x08005ce0       0x30 ./Drivers/STM32L4xx_HAL_Driver/Src/stm32l4xx_hal_gpio.o
                0x08005ce0                HAL_GPIO_EXTI_IRQHandler
 .text.HAL_I2C_Init
                0x08005d10      0x136 ./Drivers/STM32L4xx_HAL_Driver/Src/stm32l4xx_hal_i2c.o
                0x08005d10                HAL_I2C_Init
 .text.HAL_I2C_DeInit
                0x08005e46       0x5e ./Drivers/STM32L4xx_HAL_Driver/Src/stm32l4xx_hal_i2c.o
                0x08005e46                HAL_I2C_DeInit
 .text.HAL_I2C_Mem_Write
                0x08005ea4      0x228 ./Drivers/STM32L4xx_HAL_Driver/Src/stm32l4xx_hal_i2c.o
                0x08005ea4                HAL_I2C_Mem_Write
 .text.HAL_I2C_Mem_Read
                0x080060cc      0x234 ./Drivers/STM32L4xx_HAL_Driver/Src/stm32l4xx_hal_i2c.o
                0x080060cc                HAL_I2C_Mem_Read
 .text.I2C_RequestMemoryWrite
                0x08006300       0xa8 ./Drivers/STM32L4xx_HAL_Driver/Src/stm32l4xx_hal_i2c.o
 .text.I2C_RequestMemoryRead
                0x080063a8       0xa8 ./Drivers/STM32L4xx_HAL_Driver/Src/stm32l4xx_hal_i2c.o
 .text.I2C_Flush_TXDR
                0x08006450       0x48 ./Drivers/STM32L4xx_HAL_Driver/Src/stm32l4xx_hal_i2c.o
 .text.I2C_WaitOnFlagUntilTimeout
                0x08006498       0xb2 ./Drivers/STM32L4xx_HAL_Driver/Src/stm32l4xx_hal_i2c.o
 .text.I2C_WaitOnTXISFlagUntilTimeout
                0x0800654a       0x8e ./Drivers/STM32L4xx_HAL_Driver/Src/stm32l4xx_hal_i2c.o
 .text.I2C_WaitOnSTOPFlagUntilTimeout
                0x080065d8       0x86 ./Drivers/STM32L4xx_HAL_Driver/Src/stm32l4xx_hal_i2c.o
 *fill*         0x0800665e        0x2 
 .text.I2C_IsErrorOccurred
                0x08006660      0x1c0 ./Drivers/STM32L4xx_HAL_Driver/Src/stm32l4xx_hal_i2c.o
 .text.I2C_TransferConfig
                0x08006820       0x64 ./Drivers/STM32L4xx_HAL_Driver/Src/stm32l4xx_hal_i2c.o
 .text.HAL_I2CEx_ConfigAnalogFilter
                0x08006884       0x96 ./Drivers/STM32L4xx_HAL_Driver/Src/stm32l4xx_hal_i2c_ex.o
                0x08006884                HAL_I2CEx_ConfigAnalogFilter
 .text.HAL_I2CEx_ConfigDigitalFilter
                0x0800691a       0x98 ./Drivers/STM32L4xx_HAL_Driver/Src/stm32l4xx_hal_i2c_ex.o
                0x0800691a                HAL_I2CEx_ConfigDigitalFilter
 *fill*         0x080069b2        0x2 
 .text.HAL_PWREx_GetVoltageRange
                0x080069b4       0x40 ./Drivers/STM32L4xx_HAL_Driver/Src/stm32l4xx_hal_pwr_ex.o
                0x080069b4                HAL_PWREx_GetVoltageRange
 .text.HAL_PWREx_ControlVoltageScaling
                0x080069f4      0x148 ./Drivers/STM32L4xx_HAL_Driver/Src/stm32l4xx_hal_pwr_ex.o
                0x080069f4                HAL_PWREx_ControlVoltageScaling
 .text.HAL_RCC_OscConfig
                0x08006b3c      0x834 ./Drivers/STM32L4xx_HAL_Driver/Src/stm32l4xx_hal_rcc.o
                0x08006b3c                HAL_RCC_OscConfig
 .text.HAL_RCC_ClockConfig
                0x08007370      0x274 ./Drivers/STM32L4xx_HAL_Driver/Src/stm32l4xx_hal_rcc.o
                0x08007370                HAL_RCC_ClockConfig
 .text.HAL_RCC_GetSysClockFreq
                0x080075e4      0x118 ./Drivers/STM32L4xx_HAL_Driver/Src/stm32l4xx_hal_rcc.o
                0x080075e4                HAL_RCC_GetSysClockFreq
 .text.HAL_RCC_GetHCLKFreq
                0x080076fc       0x18 ./Drivers/STM32L4xx_HAL_Driver/Src/stm32l4xx_hal_rcc.o
                0x080076fc                HAL_RCC_GetHCLKFreq
 .text.HAL_RCC_GetPCLK1Freq
                0x08007714       0x2c ./Drivers/STM32L4xx_HAL_Driver/Src/stm32l4xx_hal_rcc.o
                0x08007714                HAL_RCC_GetPCLK1Freq
 .text.HAL_RCC_GetPCLK2Freq
                0x08007740       0x2c ./Drivers/STM32L4xx_HAL_Driver/Src/stm32l4xx_hal_rcc.o
                0x08007740                HAL_RCC_GetPCLK2Freq
 .text.RCC_SetFlashLatencyFromMSIRange
                0x0800776c       0xb4 ./Drivers/STM32L4xx_HAL_Driver/Src/stm32l4xx_hal_rcc.o
 .text.RCC_GetSysClockFreqFromPLLSource
                0x08007820       0xcc ./Drivers/STM32L4xx_HAL_Driver/Src/stm32l4xx_hal_rcc.o
 .text.HAL_RCCEx_PeriphCLKConfig
                0x080078ec      0x660 ./Drivers/STM32L4xx_HAL_Driver/Src/stm32l4xx_hal_rcc_ex.o
                0x080078ec                HAL_RCCEx_PeriphCLKConfig
 .text.RCCEx_PLLSAI1_Config
                0x08007f4c      0x1e8 ./Drivers/STM32L4xx_HAL_Driver/Src/stm32l4xx_hal_rcc_ex.o
 .text.RCCEx_PLLSAI2_Config
                0x08008134      0x1e8 ./Drivers/STM32L4xx_HAL_Driver/Src/stm32l4xx_hal_rcc_ex.o
 .text.HAL_TIM_Base_Init
                0x0800831c       0xae ./Drivers/STM32L4xx_HAL_Driver/Src/stm32l4xx_hal_tim.o
                0x0800831c                HAL_TIM_Base_Init
 *fill*         0x080083ca        0x2 
 .text.HAL_TIM_Base_Start_IT
                0x080083cc       0xe0 ./Drivers/STM32L4xx_HAL_Driver/Src/stm32l4xx_hal_tim.o
                0x080083cc                HAL_TIM_Base_Start_IT
 .text.HAL_TIM_IRQHandler
                0x080084ac      0x20e ./Drivers/STM32L4xx_HAL_Driver/Src/stm32l4xx_hal_tim.o
                0x080084ac                HAL_TIM_IRQHandler
 .text.HAL_TIM_ConfigClockSource
                0x080086ba      0x192 ./Drivers/STM32L4xx_HAL_Driver/Src/stm32l4xx_hal_tim.o
                0x080086ba                HAL_TIM_ConfigClockSource
 .text.HAL_TIM_PeriodElapsedCallback
                0x0800884c       0x14 ./Drivers/STM32L4xx_HAL_Driver/Src/stm32l4xx_hal_tim.o
                0x0800884c                HAL_TIM_PeriodElapsedCallback
 .text.HAL_TIM_OC_DelayElapsedCallback
                0x08008860       0x14 ./Drivers/STM32L4xx_HAL_Driver/Src/stm32l4xx_hal_tim.o
                0x08008860                HAL_TIM_OC_DelayElapsedCallback
 .text.HAL_TIM_IC_CaptureCallback
                0x08008874       0x14 ./Drivers/STM32L4xx_HAL_Driver/Src/stm32l4xx_hal_tim.o
                0x08008874                HAL_TIM_IC_CaptureCallback
 .text.HAL_TIM_PWM_PulseFinishedCallback
                0x08008888       0x14 ./Drivers/STM32L4xx_HAL_Driver/Src/stm32l4xx_hal_tim.o
                0x08008888                HAL_TIM_PWM_PulseFinishedCallback
 .text.HAL_TIM_TriggerCallback
                0x0800889c       0x14 ./Drivers/STM32L4xx_HAL_Driver/Src/stm32l4xx_hal_tim.o
                0x0800889c                HAL_TIM_TriggerCallback
 .text.TIM_Base_SetConfig
                0x080088b0      0x14c ./Drivers/STM32L4xx_HAL_Driver/Src/stm32l4xx_hal_tim.o
                0x080088b0                TIM_Base_SetConfig
 .text.TIM_TI1_ConfigInputStage
                0x080089fc       0x5e ./Drivers/STM32L4xx_HAL_Driver/Src/stm32l4xx_hal_tim.o
 .text.TIM_TI2_ConfigInputStage
                0x08008a5a       0x60 ./Drivers/STM32L4xx_HAL_Driver/Src/stm32l4xx_hal_tim.o
 .text.TIM_ITRx_SetConfig
                0x08008aba       0x36 ./Drivers/STM32L4xx_HAL_Driver/Src/stm32l4xx_hal_tim.o
 .text.TIM_ETR_SetConfig
                0x08008af0       0x40 ./Drivers/STM32L4xx_HAL_Driver/Src/stm32l4xx_hal_tim.o
                0x08008af0                TIM_ETR_SetConfig
 .text.HAL_TIMEx_MasterConfigSynchronization
                0x08008b30      0x110 ./Drivers/STM32L4xx_HAL_Driver/Src/stm32l4xx_hal_tim_ex.o
                0x08008b30                HAL_TIMEx_MasterConfigSynchronization
 .text.HAL_TIMEx_CommutCallback
                0x08008c40       0x14 ./Drivers/STM32L4xx_HAL_Driver/Src/stm32l4xx_hal_tim_ex.o
                0x08008c40                HAL_TIMEx_CommutCallback
 .text.HAL_TIMEx_BreakCallback
                0x08008c54       0x14 ./Drivers/STM32L4xx_HAL_Driver/Src/stm32l4xx_hal_tim_ex.o
                0x08008c54                HAL_TIMEx_BreakCallback
 .text.HAL_TIMEx_Break2Callback
                0x08008c68       0x14 ./Drivers/STM32L4xx_HAL_Driver/Src/stm32l4xx_hal_tim_ex.o
                0x08008c68                HAL_TIMEx_Break2Callback
 .text.HAL_UART_Init
                0x08008c7c       0xa0 ./Drivers/STM32L4xx_HAL_Driver/Src/stm32l4xx_hal_uart.o
                0x08008c7c                HAL_UART_Init
 .text.HAL_UART_Transmit
                0x08008d1c      0x11c ./Drivers/STM32L4xx_HAL_Driver/Src/stm32l4xx_hal_uart.o
                0x08008d1c                HAL_UART_Transmit
 .text.UART_SetConfig
                0x08008e38      0x5f8 ./Drivers/STM32L4xx_HAL_Driver/Src/stm32l4xx_hal_uart.o
                0x08008e38                UART_SetConfig
 .text.UART_AdvFeatureConfig
                0x08009430      0x144 ./Drivers/STM32L4xx_HAL_Driver/Src/stm32l4xx_hal_uart.o
                0x08009430                UART_AdvFeatureConfig
 .text.UART_CheckIdleState
                0x08009574      0x154 ./Drivers/STM32L4xx_HAL_Driver/Src/stm32l4xx_hal_uart.o
                0x08009574                UART_CheckIdleState
 .text.UART_WaitOnFlagUntilTimeout
                0x080096c8       0xda ./Drivers/STM32L4xx_HAL_Driver/Src/stm32l4xx_hal_uart.o
                0x080096c8                UART_WaitOnFlagUntilTimeout
 .text.UART_EndRxTransfer
                0x080097a2       0xcc ./Drivers/STM32L4xx_HAL_Driver/Src/stm32l4xx_hal_uart.o
 .text.HAL_UARTEx_DisableFifoMode
                0x0800986e       0x72 ./Drivers/STM32L4xx_HAL_Driver/Src/stm32l4xx_hal_uart_ex.o
                0x0800986e                HAL_UARTEx_DisableFifoMode
 .text.HAL_UARTEx_SetTxFifoThreshold
                0x080098e0       0x7c ./Drivers/STM32L4xx_HAL_Driver/Src/stm32l4xx_hal_uart_ex.o
                0x080098e0                HAL_UARTEx_SetTxFifoThreshold
 .text.HAL_UARTEx_SetRxFifoThreshold
                0x0800995c       0x7c ./Drivers/STM32L4xx_HAL_Driver/Src/stm32l4xx_hal_uart_ex.o
                0x0800995c                HAL_UARTEx_SetRxFifoThreshold
 .text.UARTEx_SetNbDataToProcess
                0x080099d8       0x9c ./Drivers/STM32L4xx_HAL_Driver/Src/stm32l4xx_hal_uart_ex.o
 .text.makeFreeRtosPriority
                0x08009a74       0x30 ./Middlewares/Third_Party/FreeRTOS/Source/CMSIS_RTOS/cmsis_os.o
 .text.osKernelStart
                0x08009aa4        0xe ./Middlewares/Third_Party/FreeRTOS/Source/CMSIS_RTOS/cmsis_os.o
                0x08009aa4                osKernelStart
 .text.osThreadCreate
                0x08009ab2       0x98 ./Middlewares/Third_Party/FreeRTOS/Source/CMSIS_RTOS/cmsis_os.o
                0x08009ab2                osThreadCreate
 .text.osDelay  0x08009b4a       0x28 ./Middlewares/Third_Party/FreeRTOS/Source/CMSIS_RTOS/cmsis_os.o
                0x08009b4a                osDelay
 .text.vListInitialise
                0x08009b72       0x40 ./Middlewares/Third_Party/FreeRTOS/Source/list.o
                0x08009b72                vListInitialise
 .text.vListInitialiseItem
                0x08009bb2       0x1a ./Middlewares/Third_Party/FreeRTOS/Source/list.o
                0x08009bb2                vListInitialiseItem
 .text.vListInsertEnd
                0x08009bcc       0x48 ./Middlewares/Third_Party/FreeRTOS/Source/list.o
                0x08009bcc                vListInsertEnd
 .text.vListInsert
                0x08009c14       0x72 ./Middlewares/Third_Party/FreeRTOS/Source/list.o
                0x08009c14                vListInsert
 .text.uxListRemove
                0x08009c86       0x54 ./Middlewares/Third_Party/FreeRTOS/Source/list.o
                0x08009c86                uxListRemove
 .text.xTaskCreateStatic
                0x08009cda       0xc0 ./Middlewares/Third_Party/FreeRTOS/Source/tasks.o
                0x08009cda                xTaskCreateStatic
 .text.xTaskCreate
                0x08009d9a       0x8a ./Middlewares/Third_Party/FreeRTOS/Source/tasks.o
                0x08009d9a                xTaskCreate
 .text.prvInitialiseNewTask
                0x08009e24      0x110 ./Middlewares/Third_Party/FreeRTOS/Source/tasks.o
 .text.prvAddNewTaskToReadyList
                0x08009f34       0xd4 ./Middlewares/Third_Party/FreeRTOS/Source/tasks.o
 .text.vTaskDelay
                0x0800a008       0x6c ./Middlewares/Third_Party/FreeRTOS/Source/tasks.o
                0x0800a008                vTaskDelay
 .text.vTaskStartScheduler
                0x0800a074       0xc4 ./Middlewares/Third_Party/FreeRTOS/Source/tasks.o
                0x0800a074                vTaskStartScheduler
 .text.vTaskSuspendAll
                0x0800a138       0x1c ./Middlewares/Third_Party/FreeRTOS/Source/tasks.o
                0x0800a138                vTaskSuspendAll
 .text.xTaskResumeAll
                0x0800a154      0x13c ./Middlewares/Third_Party/FreeRTOS/Source/tasks.o
                0x0800a154                xTaskResumeAll
 .text.xTaskIncrementTick
                0x0800a290      0x174 ./Middlewares/Third_Party/FreeRTOS/Source/tasks.o
                0x0800a290                xTaskIncrementTick
 .text.vTaskSwitchContext
                0x0800a404       0xb8 ./Middlewares/Third_Party/FreeRTOS/Source/tasks.o
                0x0800a404                vTaskSwitchContext
 .text.prvIdleTask
                0x0800a4bc       0x30 ./Middlewares/Third_Party/FreeRTOS/Source/tasks.o
 .text.prvInitialiseTaskLists
                0x0800a4ec       0x80 ./Middlewares/Third_Party/FreeRTOS/Source/tasks.o
 .text.prvCheckTasksWaitingTermination
                0x0800a56c       0x5c ./Middlewares/Third_Party/FreeRTOS/Source/tasks.o
 .text.prvDeleteTCB
                0x0800a5c8       0x60 ./Middlewares/Third_Party/FreeRTOS/Source/tasks.o
 .text.prvResetNextTaskUnblockTime
                0x0800a628       0x40 ./Middlewares/Third_Party/FreeRTOS/Source/tasks.o
 .text.xTaskGetSchedulerState
                0x0800a668       0x3c ./Middlewares/Third_Party/FreeRTOS/Source/tasks.o
                0x0800a668                xTaskGetSchedulerState
 .text.prvAddCurrentTaskToDelayedList
                0x0800a6a4       0xcc ./Middlewares/Third_Party/FreeRTOS/Source/tasks.o
 .text.pxPortInitialiseStack
                0x0800a770       0x68 ./Middlewares/Third_Party/FreeRTOS/Source/portable/GCC/ARM_CM4F/port.o
                0x0800a770                pxPortInitialiseStack
 .text.prvTaskExitError
                0x0800a7d8       0x5c ./Middlewares/Third_Party/FreeRTOS/Source/portable/GCC/ARM_CM4F/port.o
 *fill*         0x0800a834        0xc 
 .text.SVC_Handler
                0x0800a840       0x28 ./Middlewares/Third_Party/FreeRTOS/Source/portable/GCC/ARM_CM4F/port.o
                0x0800a840                SVC_Handler
 .text.prvPortStartFirstTask
                0x0800a868       0x28 ./Middlewares/Third_Party/FreeRTOS/Source/portable/GCC/ARM_CM4F/port.o
 .text.xPortStartScheduler
                0x0800a890      0x148 ./Middlewares/Third_Party/FreeRTOS/Source/portable/GCC/ARM_CM4F/port.o
                0x0800a890                xPortStartScheduler
 .text.vPortEnterCritical
                0x0800a9d8       0x64 ./Middlewares/Third_Party/FreeRTOS/Source/portable/GCC/ARM_CM4F/port.o
                0x0800a9d8                vPortEnterCritical
 .text.vPortExitCritical
                0x0800aa3c       0x54 ./Middlewares/Third_Party/FreeRTOS/Source/portable/GCC/ARM_CM4F/port.o
                0x0800aa3c                vPortExitCritical
 .text.PendSV_Handler
                0x0800aa90       0x68 ./Middlewares/Third_Party/FreeRTOS/Source/portable/GCC/ARM_CM4F/port.o
                0x0800aa90                PendSV_Handler
 .text.xPortSysTickHandler
                0x0800aaf8       0x44 ./Middlewares/Third_Party/FreeRTOS/Source/portable/GCC/ARM_CM4F/port.o
                0x0800aaf8                xPortSysTickHandler
 .text.vPortSetupTimerInterrupt
                0x0800ab3c       0x48 ./Middlewares/Third_Party/FreeRTOS/Source/portable/GCC/ARM_CM4F/port.o
                0x0800ab3c                vPortSetupTimerInterrupt
 .text.vPortEnableVFP
                0x0800ab84       0x14 ./Middlewares/Third_Party/FreeRTOS/Source/portable/GCC/ARM_CM4F/port.o
 .text.pvPortMalloc
                0x0800ab98      0x19c ./Middlewares/Third_Party/FreeRTOS/Source/portable/MemMang/heap_4.o
                0x0800ab98                pvPortMalloc
 .text.vPortFree
                0x0800ad34       0xc8 ./Middlewares/Third_Party/FreeRTOS/Source/portable/MemMang/heap_4.o
                0x0800ad34                vPortFree
 .text.prvHeapInit
                0x0800adfc       0xc4 ./Middlewares/Third_Party/FreeRTOS/Source/portable/MemMang/heap_4.o
 .text.prvInsertBlockIntoFreeList
                0x0800aec0       0xb4 ./Middlewares/Third_Party/FreeRTOS/Source/portable/MemMang/heap_4.o
 .text.arm_sub_f32
                0x0800af74       0xb4 /Users/samerabdulkarim/STM32CubeIDE/workspace_1.16.0/space-invaders/Core/Lib/libarm_cortexM4lf_math.a(arm_sub_f32.o)
                0x0800af74                arm_sub_f32
 .text.arm_mult_f32
                0x0800b028       0xb4 /Users/samerabdulkarim/STM32CubeIDE/workspace_1.16.0/space-invaders/Core/Lib/libarm_cortexM4lf_math.a(arm_mult_f32.o)
                0x0800b028                arm_mult_f32
 .text.arm_add_f32
                0x0800b0dc       0xb4 /Users/samerabdulkarim/STM32CubeIDE/workspace_1.16.0/space-invaders/Core/Lib/libarm_cortexM4lf_math.a(arm_add_f32.o)
                0x0800b0dc                arm_add_f32
 .text.malloc   0x0800b190       0x10 /Applications/STM32CubeIDE.app/Contents/Eclipse/plugins/com.st.stm32cube.ide.mcu.externaltools.gnu-tools-for-stm32.12.3.rel1.macos64_1.1.0.202410301201/tools/bin/../lib/gcc/arm-none-eabi/12.3.1/../../../../arm-none-eabi/lib/thumb/v7e-m+fp/hard/libc_nano.a(libc_a-malloc.o)
                0x0800b190                malloc
 .text.free     0x0800b1a0       0x10 /Applications/STM32CubeIDE.app/Contents/Eclipse/plugins/com.st.stm32cube.ide.mcu.externaltools.gnu-tools-for-stm32.12.3.rel1.macos64_1.1.0.202410301201/tools/bin/../lib/gcc/arm-none-eabi/12.3.1/../../../../arm-none-eabi/lib/thumb/v7e-m+fp/hard/libc_nano.a(libc_a-malloc.o)
                0x0800b1a0                free
 .text.sbrk_aligned
                0x0800b1b0       0x44 /Applications/STM32CubeIDE.app/Contents/Eclipse/plugins/com.st.stm32cube.ide.mcu.externaltools.gnu-tools-for-stm32.12.3.rel1.macos64_1.1.0.202410301201/tools/bin/../lib/gcc/arm-none-eabi/12.3.1/../../../../arm-none-eabi/lib/thumb/v7e-m+fp/hard/libc_nano.a(libc_a-mallocr.o)
 .text._malloc_r
                0x0800b1f4      0x100 /Applications/STM32CubeIDE.app/Contents/Eclipse/plugins/com.st.stm32cube.ide.mcu.externaltools.gnu-tools-for-stm32.12.3.rel1.macos64_1.1.0.202410301201/tools/bin/../lib/gcc/arm-none-eabi/12.3.1/../../../../arm-none-eabi/lib/thumb/v7e-m+fp/hard/libc_nano.a(libc_a-mallocr.o)
                0x0800b1f4                _malloc_r
 .text.__malloc_lock
                0x0800b2f4        0xc /Applications/STM32CubeIDE.app/Contents/Eclipse/plugins/com.st.stm32cube.ide.mcu.externaltools.gnu-tools-for-stm32.12.3.rel1.macos64_1.1.0.202410301201/tools/bin/../lib/gcc/arm-none-eabi/12.3.1/../../../../arm-none-eabi/lib/thumb/v7e-m+fp/hard/libc_nano.a(libc_a-mlock.o)
                0x0800b2f4                __malloc_lock
 .text.__malloc_unlock
                0x0800b300        0xc /Applications/STM32CubeIDE.app/Contents/Eclipse/plugins/com.st.stm32cube.ide.mcu.externaltools.gnu-tools-for-stm32.12.3.rel1.macos64_1.1.0.202410301201/tools/bin/../lib/gcc/arm-none-eabi/12.3.1/../../../../arm-none-eabi/lib/thumb/v7e-m+fp/hard/libc_nano.a(libc_a-mlock.o)
                0x0800b300                __malloc_unlock
 .text._vsnprintf_r
                0x0800b30c       0x56 /Applications/STM32CubeIDE.app/Contents/Eclipse/plugins/com.st.stm32cube.ide.mcu.externaltools.gnu-tools-for-stm32.12.3.rel1.macos64_1.1.0.202410301201/tools/bin/../lib/gcc/arm-none-eabi/12.3.1/../../../../arm-none-eabi/lib/thumb/v7e-m+fp/hard/libc_nano.a(libc_a-vsnprintf.o)
                0x0800b30c                _vsnprintf_r
                0x0800b30c                _vsniprintf_r
 *fill*         0x0800b362        0x2 
 .text.vsnprintf
                0x0800b364       0x1c /Applications/STM32CubeIDE.app/Contents/Eclipse/plugins/com.st.stm32cube.ide.mcu.externaltools.gnu-tools-for-stm32.12.3.rel1.macos64_1.1.0.202410301201/tools/bin/../lib/gcc/arm-none-eabi/12.3.1/../../../../arm-none-eabi/lib/thumb/v7e-m+fp/hard/libc_nano.a(libc_a-vsnprintf.o)
                0x0800b364                vsnprintf
                0x0800b364                vsniprintf
 .text.strcat   0x0800b380       0x1e /Applications/STM32CubeIDE.app/Contents/Eclipse/plugins/com.st.stm32cube.ide.mcu.externaltools.gnu-tools-for-stm32.12.3.rel1.macos64_1.1.0.202410301201/tools/bin/../lib/gcc/arm-none-eabi/12.3.1/../../../../arm-none-eabi/lib/thumb/v7e-m+fp/hard/libc_nano.a(libc_a-strcat.o)
                0x0800b380                strcat
 .text.memset   0x0800b39e       0x10 /Applications/STM32CubeIDE.app/Contents/Eclipse/plugins/com.st.stm32cube.ide.mcu.externaltools.gnu-tools-for-stm32.12.3.rel1.macos64_1.1.0.202410301201/tools/bin/../lib/gcc/arm-none-eabi/12.3.1/../../../../arm-none-eabi/lib/thumb/v7e-m+fp/hard/libc_nano.a(libc_a-memset.o)
                0x0800b39e                memset
 *fill*         0x0800b3ae        0x2 
 .text._sbrk_r  0x0800b3b0       0x20 /Applications/STM32CubeIDE.app/Contents/Eclipse/plugins/com.st.stm32cube.ide.mcu.externaltools.gnu-tools-for-stm32.12.3.rel1.macos64_1.1.0.202410301201/tools/bin/../lib/gcc/arm-none-eabi/12.3.1/../../../../arm-none-eabi/lib/thumb/v7e-m+fp/hard/libc_nano.a(libc_a-sbrkr.o)
                0x0800b3b0                _sbrk_r
 .text.__errno  0x0800b3d0        0xc /Applications/STM32CubeIDE.app/Contents/Eclipse/plugins/com.st.stm32cube.ide.mcu.externaltools.gnu-tools-for-stm32.12.3.rel1.macos64_1.1.0.202410301201/tools/bin/../lib/gcc/arm-none-eabi/12.3.1/../../../../arm-none-eabi/lib/thumb/v7e-m+fp/hard/libc_nano.a(libc_a-errno.o)
                0x0800b3d0                __errno
 .text.__libc_init_array
                0x0800b3dc       0x48 /Applications/STM32CubeIDE.app/Contents/Eclipse/plugins/com.st.stm32cube.ide.mcu.externaltools.gnu-tools-for-stm32.12.3.rel1.macos64_1.1.0.202410301201/tools/bin/../lib/gcc/arm-none-eabi/12.3.1/../../../../arm-none-eabi/lib/thumb/v7e-m+fp/hard/libc_nano.a(libc_a-init.o)
                0x0800b3dc                __libc_init_array
 .text.__retarget_lock_acquire_recursive
                0x0800b424        0x2 /Applications/STM32CubeIDE.app/Contents/Eclipse/plugins/com.st.stm32cube.ide.mcu.externaltools.gnu-tools-for-stm32.12.3.rel1.macos64_1.1.0.202410301201/tools/bin/../lib/gcc/arm-none-eabi/12.3.1/../../../../arm-none-eabi/lib/thumb/v7e-m+fp/hard/libc_nano.a(libc_a-lock.o)
                0x0800b424                __retarget_lock_acquire_recursive
 .text.__retarget_lock_release_recursive
                0x0800b426        0x2 /Applications/STM32CubeIDE.app/Contents/Eclipse/plugins/com.st.stm32cube.ide.mcu.externaltools.gnu-tools-for-stm32.12.3.rel1.macos64_1.1.0.202410301201/tools/bin/../lib/gcc/arm-none-eabi/12.3.1/../../../../arm-none-eabi/lib/thumb/v7e-m+fp/hard/libc_nano.a(libc_a-lock.o)
                0x0800b426                __retarget_lock_release_recursive
 .text.memcpy   0x0800b428       0x1c /Applications/STM32CubeIDE.app/Contents/Eclipse/plugins/com.st.stm32cube.ide.mcu.externaltools.gnu-tools-for-stm32.12.3.rel1.macos64_1.1.0.202410301201/tools/bin/../lib/gcc/arm-none-eabi/12.3.1/../../../../arm-none-eabi/lib/thumb/v7e-m+fp/hard/libc_nano.a(libc_a-memcpy-stub.o)
                0x0800b428                memcpy
 .text._free_r  0x0800b444       0x94 /Applications/STM32CubeIDE.app/Contents/Eclipse/plugins/com.st.stm32cube.ide.mcu.externaltools.gnu-tools-for-stm32.12.3.rel1.macos64_1.1.0.202410301201/tools/bin/../lib/gcc/arm-none-eabi/12.3.1/../../../../arm-none-eabi/lib/thumb/v7e-m+fp/hard/libc_nano.a(libc_a-freer.o)
                0x0800b444                _free_r
 .text.__ssputs_r
                0x0800b4d8       0xb6 /Applications/STM32CubeIDE.app/Contents/Eclipse/plugins/com.st.stm32cube.ide.mcu.externaltools.gnu-tools-for-stm32.12.3.rel1.macos64_1.1.0.202410301201/tools/bin/../lib/gcc/arm-none-eabi/12.3.1/../../../../arm-none-eabi/lib/thumb/v7e-m+fp/hard/libc_nano.a(libc_a-nano-svfprintf.o)
                0x0800b4d8                __ssputs_r
 *fill*         0x0800b58e        0x2 
 .text._svfprintf_r
                0x0800b590      0x1f8 /Applications/STM32CubeIDE.app/Contents/Eclipse/plugins/com.st.stm32cube.ide.mcu.externaltools.gnu-tools-for-stm32.12.3.rel1.macos64_1.1.0.202410301201/tools/bin/../lib/gcc/arm-none-eabi/12.3.1/../../../../arm-none-eabi/lib/thumb/v7e-m+fp/hard/libc_nano.a(libc_a-nano-svfprintf.o)
                0x0800b590                _svfprintf_r
                0x0800b590                _svfiprintf_r
 .text._printf_common
                0x0800b788       0xda /Applications/STM32CubeIDE.app/Contents/Eclipse/plugins/com.st.stm32cube.ide.mcu.externaltools.gnu-tools-for-stm32.12.3.rel1.macos64_1.1.0.202410301201/tools/bin/../lib/gcc/arm-none-eabi/12.3.1/../../../../arm-none-eabi/lib/thumb/v7e-m+fp/hard/libc_nano.a(libc_a-nano-vfprintf_i.o)
                0x0800b788                _printf_common
 *fill*         0x0800b862        0x2 
 .text._printf_i
                0x0800b864      0x240 /Applications/STM32CubeIDE.app/Contents/Eclipse/plugins/com.st.stm32cube.ide.mcu.externaltools.gnu-tools-for-stm32.12.3.rel1.macos64_1.1.0.202410301201/tools/bin/../lib/gcc/arm-none-eabi/12.3.1/../../../../arm-none-eabi/lib/thumb/v7e-m+fp/hard/libc_nano.a(libc_a-nano-vfprintf_i.o)
                0x0800b864                _printf_i
 .text._realloc_r
                0x0800baa4       0x5c /Applications/STM32CubeIDE.app/Contents/Eclipse/plugins/com.st.stm32cube.ide.mcu.externaltools.gnu-tools-for-stm32.12.3.rel1.macos64_1.1.0.202410301201/tools/bin/../lib/gcc/arm-none-eabi/12.3.1/../../../../arm-none-eabi/lib/thumb/v7e-m+fp/hard/libc_nano.a(libc_a-reallocr.o)
                0x0800baa4                _realloc_r
 .text.memmove  0x0800bb00       0x34 /Applications/STM32CubeIDE.app/Contents/Eclipse/plugins/com.st.stm32cube.ide.mcu.externaltools.gnu-tools-for-stm32.12.3.rel1.macos64_1.1.0.202410301201/tools/bin/../lib/gcc/arm-none-eabi/12.3.1/../../../../arm-none-eabi/lib/thumb/v7e-m+fp/hard/libc_nano.a(libc_a-memmove.o)
                0x0800bb00                memmove
 .text._malloc_usable_size_r
                0x0800bb34       0x10 /Applications/STM32CubeIDE.app/Contents/Eclipse/plugins/com.st.stm32cube.ide.mcu.externaltools.gnu-tools-for-stm32.12.3.rel1.macos64_1.1.0.202410301201/tools/bin/../lib/gcc/arm-none-eabi/12.3.1/../../../../arm-none-eabi/lib/thumb/v7e-m+fp/hard/libc_nano.a(libc_a-msizer.o)
                0x0800bb34                _malloc_usable_size_r
 .text.atan2    0x0800bb44        0x4 /Applications/STM32CubeIDE.app/Contents/Eclipse/plugins/com.st.stm32cube.ide.mcu.externaltools.gnu-tools-for-stm32.12.3.rel1.macos64_1.1.0.202410301201/tools/bin/../lib/gcc/arm-none-eabi/12.3.1/../../../../arm-none-eabi/lib/thumb/v7e-m+fp/hard/libm.a(libm_a-w_atan2.o)
                0x0800bb44                atan2
 .text.__ieee754_atan2
                0x0800bb48      0x18c /Applications/STM32CubeIDE.app/Contents/Eclipse/plugins/com.st.stm32cube.ide.mcu.externaltools.gnu-tools-for-stm32.12.3.rel1.macos64_1.1.0.202410301201/tools/bin/../lib/gcc/arm-none-eabi/12.3.1/../../../../arm-none-eabi/lib/thumb/v7e-m+fp/hard/libm.a(libm_a-e_atan2.o)
                0x0800bb48                __ieee754_atan2
 .text.sqrt     0x0800bcd4       0x58 /Applications/STM32CubeIDE.app/Contents/Eclipse/plugins/com.st.stm32cube.ide.mcu.externaltools.gnu-tools-for-stm32.12.3.rel1.macos64_1.1.0.202410301201/tools/bin/../lib/gcc/arm-none-eabi/12.3.1/../../../../arm-none-eabi/lib/thumb/v7e-m+fp/hard/libm.a(libm_a-w_sqrt.o)
                0x0800bcd4                sqrt
 *fill*         0x0800bd2c        0x4 
 .text.atan     0x0800bd30      0x330 /Applications/STM32CubeIDE.app/Contents/Eclipse/plugins/com.st.stm32cube.ide.mcu.externaltools.gnu-tools-for-stm32.12.3.rel1.macos64_1.1.0.202410301201/tools/bin/../lib/gcc/arm-none-eabi/12.3.1/../../../../arm-none-eabi/lib/thumb/v7e-m+fp/hard/libm.a(libm_a-s_atan.o)
                0x0800bd30                atan
 .text.fabs     0x0800c060       0x10 /Applications/STM32CubeIDE.app/Contents/Eclipse/plugins/com.st.stm32cube.ide.mcu.externaltools.gnu-tools-for-stm32.12.3.rel1.macos64_1.1.0.202410301201/tools/bin/../lib/gcc/arm-none-eabi/12.3.1/../../../../arm-none-eabi/lib/thumb/v7e-m+fp/hard/libm.a(libm_a-s_fabs.o)
                0x0800c060                fabs
 .text.__ieee754_sqrt
                0x0800c070      0x1b4 /Applications/STM32CubeIDE.app/Contents/Eclipse/plugins/com.st.stm32cube.ide.mcu.externaltools.gnu-tools-for-stm32.12.3.rel1.macos64_1.1.0.202410301201/tools/bin/../lib/gcc/arm-none-eabi/12.3.1/../../../../arm-none-eabi/lib/thumb/v7e-m+fp/hard/libm.a(libm_a-e_sqrt.o)
                0x0800c070                __ieee754_sqrt
 *(.glue_7)
 .glue_7        0x0800c224        0x0 linker stubs
 *(.glue_7t)
 .glue_7t       0x0800c224        0x0 linker stubs
 *(.eh_frame)
 .eh_frame      0x0800c224        0x0 /Applications/STM32CubeIDE.app/Contents/Eclipse/plugins/com.st.stm32cube.ide.mcu.externaltools.gnu-tools-for-stm32.12.3.rel1.macos64_1.1.0.202410301201/tools/bin/../lib/gcc/arm-none-eabi/12.3.1/thumb/v7e-m+fp/hard/crtbegin.o
 *(.init)
 .init          0x0800c224        0x4 /Applications/STM32CubeIDE.app/Contents/Eclipse/plugins/com.st.stm32cube.ide.mcu.externaltools.gnu-tools-for-stm32.12.3.rel1.macos64_1.1.0.202410301201/tools/bin/../lib/gcc/arm-none-eabi/12.3.1/thumb/v7e-m+fp/hard/crti.o
                0x0800c224                _init
 .init          0x0800c228        0x8 /Applications/STM32CubeIDE.app/Contents/Eclipse/plugins/com.st.stm32cube.ide.mcu.externaltools.gnu-tools-for-stm32.12.3.rel1.macos64_1.1.0.202410301201/tools/bin/../lib/gcc/arm-none-eabi/12.3.1/thumb/v7e-m+fp/hard/crtn.o
 *(.fini)
 .fini          0x0800c230        0x4 /Applications/STM32CubeIDE.app/Contents/Eclipse/plugins/com.st.stm32cube.ide.mcu.externaltools.gnu-tools-for-stm32.12.3.rel1.macos64_1.1.0.202410301201/tools/bin/../lib/gcc/arm-none-eabi/12.3.1/thumb/v7e-m+fp/hard/crti.o
                0x0800c230                _fini
 .fini          0x0800c234        0x8 /Applications/STM32CubeIDE.app/Contents/Eclipse/plugins/com.st.stm32cube.ide.mcu.externaltools.gnu-tools-for-stm32.12.3.rel1.macos64_1.1.0.202410301201/tools/bin/../lib/gcc/arm-none-eabi/12.3.1/thumb/v7e-m+fp/hard/crtn.o
                0x0800c23c                        . = ALIGN (0x4)
                0x0800c23c                        _etext = .

.vfp11_veneer   0x0800c23c        0x0
 .vfp11_veneer  0x0800c23c        0x0 linker stubs

.v4_bx          0x0800c23c        0x0
 .v4_bx         0x0800c23c        0x0 linker stubs

.iplt           0x0800c23c        0x0
 .iplt          0x0800c23c        0x0 /Applications/STM32CubeIDE.app/Contents/Eclipse/plugins/com.st.stm32cube.ide.mcu.externaltools.gnu-tools-for-stm32.12.3.rel1.macos64_1.1.0.202410301201/tools/bin/../lib/gcc/arm-none-eabi/12.3.1/thumb/v7e-m+fp/hard/crtbegin.o

.rodata         0x0800c240      0x938
                0x0800c240                        . = ALIGN (0x4)
 *(.rodata)
 .rodata        0x0800c240      0x128 ./Core/Src/main.o
 .rodata        0x0800c368      0x6f4 ./Core/Src/ui.o
 .rodata        0x0800ca5c        0x5 ./Middlewares/Third_Party/FreeRTOS/Source/tasks.o
 *(.rodata*)
 *fill*         0x0800ca61        0x3 
 .rodata.AHBPrescTable
                0x0800ca64       0x10 ./Core/Src/system_stm32l4xx.o
                0x0800ca64                AHBPrescTable
 .rodata.APBPrescTable
                0x0800ca74        0x8 ./Core/Src/system_stm32l4xx.o
                0x0800ca74                APBPrescTable
 .rodata.MSIRangeTable
                0x0800ca7c       0x30 ./Core/Src/system_stm32l4xx.o
                0x0800ca7c                MSIRangeTable
 .rodata.UARTPrescTable
                0x0800caac       0x18 ./Drivers/STM32L4xx_HAL_Driver/Src/stm32l4xx_hal_uart.o
                0x0800caac                UARTPrescTable
 .rodata.numerator.1
                0x0800cac4        0x8 ./Drivers/STM32L4xx_HAL_Driver/Src/stm32l4xx_hal_uart_ex.o
 .rodata.denominator.0
                0x0800cacc        0x8 ./Drivers/STM32L4xx_HAL_Driver/Src/stm32l4xx_hal_uart_ex.o
 .rodata._svfprintf_r.str1.1
                0x0800cad4       0x11 /Applications/STM32CubeIDE.app/Contents/Eclipse/plugins/com.st.stm32cube.ide.mcu.externaltools.gnu-tools-for-stm32.12.3.rel1.macos64_1.1.0.202410301201/tools/bin/../lib/gcc/arm-none-eabi/12.3.1/../../../../arm-none-eabi/lib/thumb/v7e-m+fp/hard/libc_nano.a(libc_a-nano-svfprintf.o)
 .rodata._printf_i.str1.1
                0x0800cae5       0x22 /Applications/STM32CubeIDE.app/Contents/Eclipse/plugins/com.st.stm32cube.ide.mcu.externaltools.gnu-tools-for-stm32.12.3.rel1.macos64_1.1.0.202410301201/tools/bin/../lib/gcc/arm-none-eabi/12.3.1/../../../../arm-none-eabi/lib/thumb/v7e-m+fp/hard/libc_nano.a(libc_a-nano-vfprintf_i.o)
 *fill*         0x0800cb07        0x1 
 .rodata.CSWTCH.9
                0x0800cb08       0x18 /Applications/STM32CubeIDE.app/Contents/Eclipse/plugins/com.st.stm32cube.ide.mcu.externaltools.gnu-tools-for-stm32.12.3.rel1.macos64_1.1.0.202410301201/tools/bin/../lib/gcc/arm-none-eabi/12.3.1/../../../../arm-none-eabi/lib/thumb/v7e-m+fp/hard/libm.a(libm_a-e_atan2.o)
 .rodata.CSWTCH.8
                0x0800cb20       0x18 /Applications/STM32CubeIDE.app/Contents/Eclipse/plugins/com.st.stm32cube.ide.mcu.externaltools.gnu-tools-for-stm32.12.3.rel1.macos64_1.1.0.202410301201/tools/bin/../lib/gcc/arm-none-eabi/12.3.1/../../../../arm-none-eabi/lib/thumb/v7e-m+fp/hard/libm.a(libm_a-e_atan2.o)
 .rodata.atanlo
                0x0800cb38       0x20 /Applications/STM32CubeIDE.app/Contents/Eclipse/plugins/com.st.stm32cube.ide.mcu.externaltools.gnu-tools-for-stm32.12.3.rel1.macos64_1.1.0.202410301201/tools/bin/../lib/gcc/arm-none-eabi/12.3.1/../../../../arm-none-eabi/lib/thumb/v7e-m+fp/hard/libm.a(libm_a-s_atan.o)
 .rodata.atanhi
                0x0800cb58       0x20 /Applications/STM32CubeIDE.app/Contents/Eclipse/plugins/com.st.stm32cube.ide.mcu.externaltools.gnu-tools-for-stm32.12.3.rel1.macos64_1.1.0.202410301201/tools/bin/../lib/gcc/arm-none-eabi/12.3.1/../../../../arm-none-eabi/lib/thumb/v7e-m+fp/hard/libm.a(libm_a-s_atan.o)
                0x0800cb78                        . = ALIGN (0x4)

.ARM.extab      0x0800cb78        0x0
                0x0800cb78                        . = ALIGN (0x4)
 *(.ARM.extab* .gnu.linkonce.armextab.*)
                0x0800cb78                        . = ALIGN (0x4)

.ARM            0x0800cb78        0x8
                0x0800cb78                        . = ALIGN (0x4)
                0x0800cb78                        __exidx_start = .
 *(.ARM.exidx*)
 .ARM.exidx     0x0800cb78        0x8 /Applications/STM32CubeIDE.app/Contents/Eclipse/plugins/com.st.stm32cube.ide.mcu.externaltools.gnu-tools-for-stm32.12.3.rel1.macos64_1.1.0.202410301201/tools/bin/../lib/gcc/arm-none-eabi/12.3.1/../../../../arm-none-eabi/lib/thumb/v7e-m+fp/hard/libc_nano.a(libc_a-strlen.o)
 .ARM.exidx     0x0800cb80        0x0 /Applications/STM32CubeIDE.app/Contents/Eclipse/plugins/com.st.stm32cube.ide.mcu.externaltools.gnu-tools-for-stm32.12.3.rel1.macos64_1.1.0.202410301201/tools/bin/../lib/gcc/arm-none-eabi/12.3.1/../../../../arm-none-eabi/lib/thumb/v7e-m+fp/hard/libc_nano.a(libc_a-memchr.o)
                                  0x8 (size before relaxing)
 .ARM.exidx     0x0800cb80        0x0 /Applications/STM32CubeIDE.app/Contents/Eclipse/plugins/com.st.stm32cube.ide.mcu.externaltools.gnu-tools-for-stm32.12.3.rel1.macos64_1.1.0.202410301201/tools/bin/../lib/gcc/arm-none-eabi/12.3.1/thumb/v7e-m+fp/hard/libgcc.a(_udivmoddi4.o)
                                  0x8 (size before relaxing)
                0x0800cb80                        __exidx_end = .
                0x0800cb80                        . = ALIGN (0x4)

.preinit_array  0x0800cb80        0x0
                0x0800cb80                        . = ALIGN (0x4)
                0x0800cb80                        PROVIDE (__preinit_array_start = .)
 *(.preinit_array*)
                0x0800cb80                        PROVIDE (__preinit_array_end = .)
                0x0800cb80                        . = ALIGN (0x4)

.init_array     0x0800cb80        0x4
                0x0800cb80                        . = ALIGN (0x4)
                0x0800cb80                        PROVIDE (__init_array_start = .)
 *(SORT_BY_NAME(.init_array.*))
 *(.init_array*)
 .init_array    0x0800cb80        0x4 /Applications/STM32CubeIDE.app/Contents/Eclipse/plugins/com.st.stm32cube.ide.mcu.externaltools.gnu-tools-for-stm32.12.3.rel1.macos64_1.1.0.202410301201/tools/bin/../lib/gcc/arm-none-eabi/12.3.1/thumb/v7e-m+fp/hard/crtbegin.o
                0x0800cb84                        PROVIDE (__init_array_end = .)
                0x0800cb84                        . = ALIGN (0x4)

.fini_array     0x0800cb84        0x4
                0x0800cb84                        . = ALIGN (0x4)
                [!provide]                        PROVIDE (__fini_array_start = .)
 *(SORT_BY_NAME(.fini_array.*))
 *(.fini_array*)
 .fini_array    0x0800cb84        0x4 /Applications/STM32CubeIDE.app/Contents/Eclipse/plugins/com.st.stm32cube.ide.mcu.externaltools.gnu-tools-for-stm32.12.3.rel1.macos64_1.1.0.202410301201/tools/bin/../lib/gcc/arm-none-eabi/12.3.1/thumb/v7e-m+fp/hard/crtbegin.o
                [!provide]                        PROVIDE (__fini_array_end = .)
                0x0800cb88                        . = ALIGN (0x4)
                0x0800cb88                        _sidata = LOADADDR (.data)

.rel.dyn        0x0800cb88        0x0
 .rel.iplt      0x0800cb88        0x0 /Applications/STM32CubeIDE.app/Contents/Eclipse/plugins/com.st.stm32cube.ide.mcu.externaltools.gnu-tools-for-stm32.12.3.rel1.macos64_1.1.0.202410301201/tools/bin/../lib/gcc/arm-none-eabi/12.3.1/thumb/v7e-m+fp/hard/crtbegin.o

.data           0x20000000     0x10b8 load address 0x0800cb88
                0x20000000                        . = ALIGN (0x4)
                0x20000000                        _sdata = .
 *(.data)
 *(.data*)
 .data.map_names
                0x20000000       0x14 ./Core/Src/main.o
                0x20000000                map_names
 .data.x_position
                0x20000014        0x2 ./Core/Src/main.o
                0x20000014                x_position
 *fill*         0x20000016        0x2 
 .data.kalman_x
                0x20000018       0x14 ./Core/Src/main.o
                0x20000018                kalman_x
 .data.kalman_y
                0x2000002c       0x14 ./Core/Src/main.o
                0x2000002c                kalman_y
 .data.kalman_z
                0x20000040       0x14 ./Core/Src/main.o
                0x20000040                kalman_z
 .data.main_menu
                0x20000054        0x4 ./Core/Src/main.o
                0x20000054                main_menu
 .data.sin1kHz_f
                0x20000058       0xb0 ./Core/Src/main.o
                0x20000058                sin1kHz_f
 .data.sin15kHz_f
                0x20000108       0x78 ./Core/Src/main.o
                0x20000108                sin15kHz_f
 .data.sin2kHz_f
                0x20000180       0x58 ./Core/Src/main.o
                0x20000180                sin2kHz_f
 .data.SystemCoreClock
                0x200001d8        0x4 ./Core/Src/system_stm32l4xx.o
                0x200001d8                SystemCoreClock
 .data.art      0x200001dc      0x4da ./Core/Src/ui.o
                0x200001dc                art
 *fill*         0x200006b6        0x2 
 .data.art_gameover
                0x200006b8      0x546 ./Core/Src/ui.o
                0x200006b8                art_gameover
 *fill*         0x20000bfe        0x2 
 .data.art_win  0x20000c00      0x40b ./Core/Src/ui.o
                0x20000c00                art_win
 *fill*         0x2000100b        0x1 
 .data.LPS22HB_P_Drv
                0x2000100c        0xc ./Drivers/Components/lps22hb/lps22hb.o
                0x2000100c                LPS22HB_P_Drv
 .data.Lsm6dslAccDrv
                0x20001018       0x34 ./Drivers/Components/lsm6dsl/lsm6dsl.o
                0x20001018                Lsm6dslAccDrv
 .data.uwTickPrio
                0x2000104c        0x4 ./Drivers/STM32L4xx_HAL_Driver/Src/stm32l4xx_hal.o
                0x2000104c                uwTickPrio
 .data.uwTickFreq
                0x20001050        0x1 ./Drivers/STM32L4xx_HAL_Driver/Src/stm32l4xx_hal.o
                0x20001050                uwTickFreq
 *fill*         0x20001051        0x3 
 .data.uxCriticalNesting
                0x20001054        0x4 ./Middlewares/Third_Party/FreeRTOS/Source/portable/GCC/ARM_CM4F/port.o
 .data._impure_ptr
                0x20001058        0x4 /Applications/STM32CubeIDE.app/Contents/Eclipse/plugins/com.st.stm32cube.ide.mcu.externaltools.gnu-tools-for-stm32.12.3.rel1.macos64_1.1.0.202410301201/tools/bin/../lib/gcc/arm-none-eabi/12.3.1/../../../../arm-none-eabi/lib/thumb/v7e-m+fp/hard/libc_nano.a(libc_a-impure.o)
                0x20001058                _impure_ptr
 .data._impure_data
                0x2000105c       0x4c /Applications/STM32CubeIDE.app/Contents/Eclipse/plugins/com.st.stm32cube.ide.mcu.externaltools.gnu-tools-for-stm32.12.3.rel1.macos64_1.1.0.202410301201/tools/bin/../lib/gcc/arm-none-eabi/12.3.1/../../../../arm-none-eabi/lib/thumb/v7e-m+fp/hard/libc_nano.a(libc_a-impure.o)
                0x2000105c                _impure_data
 .data.tiny     0x200010a8        0x8 /Applications/STM32CubeIDE.app/Contents/Eclipse/plugins/com.st.stm32cube.ide.mcu.externaltools.gnu-tools-for-stm32.12.3.rel1.macos64_1.1.0.202410301201/tools/bin/../lib/gcc/arm-none-eabi/12.3.1/../../../../arm-none-eabi/lib/thumb/v7e-m+fp/hard/libm.a(libm_a-e_sqrt.o)
 .data.one      0x200010b0        0x8 /Applications/STM32CubeIDE.app/Contents/Eclipse/plugins/com.st.stm32cube.ide.mcu.externaltools.gnu-tools-for-stm32.12.3.rel1.macos64_1.1.0.202410301201/tools/bin/../lib/gcc/arm-none-eabi/12.3.1/../../../../arm-none-eabi/lib/thumb/v7e-m+fp/hard/libm.a(libm_a-e_sqrt.o)
 *(.RamFunc)
 *(.RamFunc*)
                0x200010b8                        . = ALIGN (0x4)
                0x200010b8                        _edata = .

.igot.plt       0x200010b8        0x0 load address 0x0800dc40
 .igot.plt      0x200010b8        0x0 /Applications/STM32CubeIDE.app/Contents/Eclipse/plugins/com.st.stm32cube.ide.mcu.externaltools.gnu-tools-for-stm32.12.3.rel1.macos64_1.1.0.202410301201/tools/bin/../lib/gcc/arm-none-eabi/12.3.1/thumb/v7e-m+fp/hard/crtbegin.o
                0x200010b8                        . = ALIGN (0x4)

.bss            0x200010b8     0x29b4 load address 0x0800dc40
                0x200010b8                        _sbss = .
                0x200010b8                        __bss_start__ = _sbss
 *(.bss)
 .bss           0x200010b8       0x1c /Applications/STM32CubeIDE.app/Contents/Eclipse/plugins/com.st.stm32cube.ide.mcu.externaltools.gnu-tools-for-stm32.12.3.rel1.macos64_1.1.0.202410301201/tools/bin/../lib/gcc/arm-none-eabi/12.3.1/thumb/v7e-m+fp/hard/crtbegin.o
 *(.bss*)
 .bss.xIdleTaskTCBBuffer
                0x200010d4       0x54 ./Core/Src/freertos.o
 .bss.xIdleStack
                0x20001128      0x200 ./Core/Src/freertos.o
 .bss.hadc1     0x20001328       0x68 ./Core/Src/main.o
                0x20001328                hadc1
 .bss.hdac1     0x20001390       0x14 ./Core/Src/main.o
                0x20001390                hdac1
 .bss.hdma_dac1_ch1
                0x200013a4       0x60 ./Core/Src/main.o
                0x200013a4                hdma_dac1_ch1
 .bss.hi2c2     0x20001404       0x54 ./Core/Src/main.o
                0x20001404                hi2c2
 .bss.htim2     0x20001458       0x4c ./Core/Src/main.o
                0x20001458                htim2
 .bss.huart1    0x200014a4       0x94 ./Core/Src/main.o
                0x200014a4                huart1
 .bss.defaultTaskHandle
                0x20001538        0x4 ./Core/Src/main.o
                0x20001538                defaultTaskHandle
 .bss.processingDataHandle
                0x2000153c        0x4 ./Core/Src/main.o
                0x2000153c                processingDataHandle
 .bss.soundTaskHandle
                0x20001540        0x4 ./Core/Src/main.o
                0x20001540                soundTaskHandle
 .bss.raw_acceleration
                0x20001544        0x6 ./Core/Src/main.o
                0x20001544                raw_acceleration
 *fill*         0x2000154a        0x2 
 .bss.filtered_acceleration
                0x2000154c        0x6 ./Core/Src/main.o
                0x2000154c                filtered_acceleration
 *fill*         0x20001552        0x2 
 .bss.ui_string
                0x20001554      0x6e0 ./Core/Src/main.o
                0x20001554                ui_string
 .bss.alien_positions
                0x20001c34       0x8c ./Core/Src/main.o
                0x20001c34                alien_positions
 .bss.aliens_remaining
                0x20001cc0        0x4 ./Core/Src/main.o
                0x20001cc0                aliens_remaining
 .bss.bullet_positions
                0x20001cc4      0x258 ./Core/Src/main.o
                0x20001cc4                bullet_positions
 .bss.timestamp
                0x20001f1c        0x4 ./Core/Src/main.o
                0x20001f1c                timestamp
 .bss.gameOver  0x20001f20        0x1 ./Core/Src/main.o
                0x20001f20                gameOver
 *fill*         0x20001f21        0x3 
 .bss.buttonPressed
                0x20001f24        0x4 ./Core/Src/main.o
                0x20001f24                buttonPressed
 .bss.printed_menu
                0x20001f28        0x4 ./Core/Src/main.o
                0x20001f28                printed_menu
 .bss.init_p    0x20001f2c        0x4 ./Core/Src/main.o
                0x20001f2c                init_p
 .bss.pressure  0x20001f30        0x4 ./Core/Src/main.o
                0x20001f30                pressure
 .bss.soundFlag
                0x20001f34        0x4 ./Core/Src/main.o
                0x20001f34                soundFlag
 .bss.vref      0x20001f38        0x4 ./Core/Src/main.o
                0x20001f38                vref
 .bss.sin1kHz   0x20001f3c       0x58 ./Core/Src/main.o
                0x20001f3c                sin1kHz
 .bss.sin15kHz  0x20001f94       0x3c ./Core/Src/main.o
                0x20001f94                sin15kHz
 .bss.sin2kHz   0x20001fd0       0x2c ./Core/Src/main.o
                0x20001fd0                sin2kHz
 .bss.hI2cHandler
                0x20001ffc       0x54 ./Core/Src/stm32l4s5i_iot01.o
                0x20001ffc                hI2cHandler
 .bss.AccelerometerDrv
                0x20002050        0x4 ./Core/Src/stm32l4s5i_iot01_accelero.o
 .bss.Psensor_drv
                0x20002054        0x4 ./Core/Src/stm32l4s5i_iot01_psensor.o
 .bss.__sbrk_heap_end
                0x20002058        0x4 ./Core/Src/sysmem.o
 .bss.uwTick    0x2000205c        0x4 ./Drivers/STM32L4xx_HAL_Driver/Src/stm32l4xx_hal.o
                0x2000205c                uwTick
 .bss.pxCurrentTCB
                0x20002060        0x4 ./Middlewares/Third_Party/FreeRTOS/Source/tasks.o
                0x20002060                pxCurrentTCB
 .bss.pxReadyTasksLists
                0x20002064       0x8c ./Middlewares/Third_Party/FreeRTOS/Source/tasks.o
 .bss.xDelayedTaskList1
                0x200020f0       0x14 ./Middlewares/Third_Party/FreeRTOS/Source/tasks.o
 .bss.xDelayedTaskList2
                0x20002104       0x14 ./Middlewares/Third_Party/FreeRTOS/Source/tasks.o
 .bss.pxDelayedTaskList
                0x20002118        0x4 ./Middlewares/Third_Party/FreeRTOS/Source/tasks.o
 .bss.pxOverflowDelayedTaskList
                0x2000211c        0x4 ./Middlewares/Third_Party/FreeRTOS/Source/tasks.o
 .bss.xPendingReadyList
                0x20002120       0x14 ./Middlewares/Third_Party/FreeRTOS/Source/tasks.o
 .bss.xTasksWaitingTermination
                0x20002134       0x14 ./Middlewares/Third_Party/FreeRTOS/Source/tasks.o
 .bss.uxDeletedTasksWaitingCleanUp
                0x20002148        0x4 ./Middlewares/Third_Party/FreeRTOS/Source/tasks.o
 .bss.xSuspendedTaskList
                0x2000214c       0x14 ./Middlewares/Third_Party/FreeRTOS/Source/tasks.o
 .bss.uxCurrentNumberOfTasks
                0x20002160        0x4 ./Middlewares/Third_Party/FreeRTOS/Source/tasks.o
 .bss.xTickCount
                0x20002164        0x4 ./Middlewares/Third_Party/FreeRTOS/Source/tasks.o
 .bss.uxTopReadyPriority
                0x20002168        0x4 ./Middlewares/Third_Party/FreeRTOS/Source/tasks.o
 .bss.xSchedulerRunning
                0x2000216c        0x4 ./Middlewares/Third_Party/FreeRTOS/Source/tasks.o
 .bss.xPendedTicks
                0x20002170        0x4 ./Middlewares/Third_Party/FreeRTOS/Source/tasks.o
 .bss.xYieldPending
                0x20002174        0x4 ./Middlewares/Third_Party/FreeRTOS/Source/tasks.o
 .bss.xNumOfOverflows
                0x20002178        0x4 ./Middlewares/Third_Party/FreeRTOS/Source/tasks.o
 .bss.uxTaskNumber
                0x2000217c        0x4 ./Middlewares/Third_Party/FreeRTOS/Source/tasks.o
 .bss.xNextTaskUnblockTime
                0x20002180        0x4 ./Middlewares/Third_Party/FreeRTOS/Source/tasks.o
 .bss.xIdleTaskHandle
                0x20002184        0x4 ./Middlewares/Third_Party/FreeRTOS/Source/tasks.o
 .bss.uxSchedulerSuspended
                0x20002188        0x4 ./Middlewares/Third_Party/FreeRTOS/Source/tasks.o
 .bss.ucMaxSysCallPriority
                0x2000218c        0x1 ./Middlewares/Third_Party/FreeRTOS/Source/portable/GCC/ARM_CM4F/port.o
 *fill*         0x2000218d        0x3 
 .bss.ulMaxPRIGROUPValue
                0x20002190        0x4 ./Middlewares/Third_Party/FreeRTOS/Source/portable/GCC/ARM_CM4F/port.o
 .bss.ucHeap    0x20002194     0x1770 ./Middlewares/Third_Party/FreeRTOS/Source/portable/MemMang/heap_4.o
 .bss.xStart    0x20003904        0x8 ./Middlewares/Third_Party/FreeRTOS/Source/portable/MemMang/heap_4.o
 .bss.pxEnd     0x2000390c        0x4 ./Middlewares/Third_Party/FreeRTOS/Source/portable/MemMang/heap_4.o
 .bss.xFreeBytesRemaining
                0x20003910        0x4 ./Middlewares/Third_Party/FreeRTOS/Source/portable/MemMang/heap_4.o
 .bss.xMinimumEverFreeBytesRemaining
                0x20003914        0x4 ./Middlewares/Third_Party/FreeRTOS/Source/portable/MemMang/heap_4.o
 .bss.xNumberOfSuccessfulAllocations
                0x20003918        0x4 ./Middlewares/Third_Party/FreeRTOS/Source/portable/MemMang/heap_4.o
 .bss.xNumberOfSuccessfulFrees
                0x2000391c        0x4 ./Middlewares/Third_Party/FreeRTOS/Source/portable/MemMang/heap_4.o
 .bss.xBlockAllocatedBit
                0x20003920        0x4 ./Middlewares/Third_Party/FreeRTOS/Source/portable/MemMang/heap_4.o
 .bss.__malloc_sbrk_start
                0x20003924        0x4 /Applications/STM32CubeIDE.app/Contents/Eclipse/plugins/com.st.stm32cube.ide.mcu.externaltools.gnu-tools-for-stm32.12.3.rel1.macos64_1.1.0.202410301201/tools/bin/../lib/gcc/arm-none-eabi/12.3.1/../../../../arm-none-eabi/lib/thumb/v7e-m+fp/hard/libc_nano.a(libc_a-mallocr.o)
                0x20003924                __malloc_sbrk_start
 .bss.__malloc_free_list
                0x20003928        0x4 /Applications/STM32CubeIDE.app/Contents/Eclipse/plugins/com.st.stm32cube.ide.mcu.externaltools.gnu-tools-for-stm32.12.3.rel1.macos64_1.1.0.202410301201/tools/bin/../lib/gcc/arm-none-eabi/12.3.1/../../../../arm-none-eabi/lib/thumb/v7e-m+fp/hard/libc_nano.a(libc_a-mallocr.o)
                0x20003928                __malloc_free_list
 .bss.__sf      0x2000392c      0x138 /Applications/STM32CubeIDE.app/Contents/Eclipse/plugins/com.st.stm32cube.ide.mcu.externaltools.gnu-tools-for-stm32.12.3.rel1.macos64_1.1.0.202410301201/tools/bin/../lib/gcc/arm-none-eabi/12.3.1/../../../../arm-none-eabi/lib/thumb/v7e-m+fp/hard/libc_nano.a(libc_a-findfp.o)
                0x2000392c                __sf
 .bss.__lock___malloc_recursive_mutex
                0x20003a64        0x1 /Applications/STM32CubeIDE.app/Contents/Eclipse/plugins/com.st.stm32cube.ide.mcu.externaltools.gnu-tools-for-stm32.12.3.rel1.macos64_1.1.0.202410301201/tools/bin/../lib/gcc/arm-none-eabi/12.3.1/../../../../arm-none-eabi/lib/thumb/v7e-m+fp/hard/libc_nano.a(libc_a-lock.o)
                0x20003a64                __lock___malloc_recursive_mutex
 *fill*         0x20003a65        0x3 
 .bss.errno     0x20003a68        0x4 /Applications/STM32CubeIDE.app/Contents/Eclipse/plugins/com.st.stm32cube.ide.mcu.externaltools.gnu-tools-for-stm32.12.3.rel1.macos64_1.1.0.202410301201/tools/bin/../lib/gcc/arm-none-eabi/12.3.1/../../../../arm-none-eabi/lib/thumb/v7e-m+fp/hard/libc_nano.a(libc_a-reent.o)
                0x20003a68                errno
 *(COMMON)