../Core/Src/main.c:106:5:main	72	static
../Core/Src/main.c:186:6:SystemClock_Config	96	static
../Core/Src/main.c:237:13:MX_I2C2_Init	8	static
../Core/Src/main.c:285:13:MX_USART1_UART_Init	8	static
../Core/Src/main.c:333:13:MX_GPIO_Init	40	static
../Core/Src/main.c:369:6:vApplicationStackOverflowHook	16	static
../Core/Src/main.c:387:6:StartWriteUI	24	static
../Core/Src/main.c:421:6:StartProcessData	16	static
../Core/Src/main.c:446:6:HAL_TIM_PeriodElapsedCallback	16	static
../Core/Src/main.c:463:6:Error_Handler	4	static,ignoring_inline_asm
