../Core/Src/main.c:83:5:main	8	static
../Core/Src/main.c:142:6:SystemClock_Config	96	static
../Core/Src/main.c:193:13:MX_I2C2_Init	8	static
../Core/Src/main.c:241:13:MX_USART1_UART_Init	8	static
../Core/Src/main.c:289:13:MX_GPIO_Init	40	static
../Core/Src/main.c:325:6:printOne	144	static
../Core/Src/main.c:332:6:printThree	96	static
../Core/Src/main.c:339:6:readSensors	8	static
../Core/Src/main.c:358:6:HAL_GPIO_EXTI_Callback	16	static
../Core/Src/main.c:371:6:Error_Handler	4	static,ignoring_inline_asm
