../Core/Src/main.c:163:5:main	6
../Core/Src/main.c:281:6:SystemClock_Config	4
../Core/Src/main.c:332:13:MX_ADC1_Init	3
../Core/Src/main.c:390:13:MX_DAC1_Init	4
../Core/Src/main.c:442:13:MX_I2C2_Init	4
../Core/Src/main.c:490:13:MX_TIM2_Init	4
../Core/Src/main.c:535:13:MX_USART1_UART_Init	5
../Core/Src/main.c:581:13:MX_DMA_Init	1
../Core/Src/main.c:600:13:MX_GPIO_Init	1
../Core/Src/main.c:637:6:HAL_GPIO_EXTI_Callback	3
../Core/Src/main.c:651:6:vApplicationStackOverflowHook	1
../Core/Src/main.c:669:6:StartDefaultTask	14
../Core/Src/main.c:751:6:StartProcessData	2
../Core/Src/main.c:781:6:StartSoundTask	2
../Core/Src/main.c:803:6:Error_Handler	1
