../Core/Src/ui.c:86:5:idx_to_pos	16	static
../Core/Src/ui.c:91:6:print_main_menu	32	static
../Core/Src/ui.c:124:6:print_game_over	16	static
../Core/Src/ui.c:130:6:print_win	16	static
../Core/Src/ui.c:137:5:compute_new_UI_frame	32	static
../Core/Src/ui.c:183:6:start_wave	24	static
../Core/Src/ui.c:195:6:update_canvas	16	static
../Core/Src/ui.c:215:6:draw_aliens	16	static
../Core/Src/ui.c:270:6:handle_collision	24	static
../Core/Src/ui.c:279:6:reset_canvas	8	static
../Core/Src/ui.c:313:6:shoot	16	static
