../Core/Src/ui.c:87:5:idx_to_pos	16	static
../Core/Src/ui.c:92:6:print_main_menu	32	static
../Core/Src/ui.c:119:6:print_game_over	16	static
../Core/Src/ui.c:125:6:print_win	16	static
../Core/Src/ui.c:132:5:compute_new_UI_frame	32	static
../Core/Src/ui.c:178:6:start_wave	24	static
../Core/Src/ui.c:190:6:update_canvas	16	static
../Core/Src/ui.c:210:6:draw_aliens	16	static
../Core/Src/ui.c:265:6:handle_collision	24	static
../Core/Src/ui.c:274:6:reset_canvas	8	static
../Core/Src/ui.c:308:6:shoot	16	static
